Jul 11 09:51:54 ubuntu kernel: imklog 5.8.11, log source = /proc/kmsg started.
Jul 11 09:51:54 ubuntu rsyslogd: [origin software="rsyslogd" swVersion="5.8.11" x-pid="465" x-info="http://www.rsyslog.com"] start
Jul 11 09:51:54 ubuntu rsyslogd: rsyslogd's groupid changed to 103
Jul 11 09:51:54 ubuntu rsyslogd: rsyslogd's userid changed to 101
Jul 11 09:51:54 ubuntu rsyslogd-2039: Could not open output pipe '/dev/xconsole' [try http://www.rsyslog.com/e/2039 ]
Jul 11 09:51:54 ubuntu kernel: [    0.000000] Initializing cgroup subsys cpuset
Jul 11 09:51:54 ubuntu kernel: [    0.000000] Initializing cgroup subsys cpu
Jul 11 09:51:54 ubuntu kernel: [    0.000000] Linux version 3.8.0-19-generic (buildd@allspice) (gcc version 4.7.3 (Ubuntu/Linaro 4.7.3-1ubuntu1) ) #29-Ubuntu SMP Wed Apr 17 18:16:28 UTC 2013 (Ubuntu 3.8.0-19.29-generic 3.8.8)
Jul 11 09:51:54 ubuntu kernel: [    0.000000] Command line: BOOT_IMAGE=/boot/vmlinuz-3.8.0-19-generic root=UUID=47191ad3-12f8-4c65-b8b1-40130354198e ro quiet splash vt.handoff=7
Jul 11 09:51:54 ubuntu kernel: [    0.000000] KERNEL supported cpus:
Jul 11 09:51:54 ubuntu kernel: [    0.000000]   Intel GenuineIntel
Jul 11 09:51:54 ubuntu kernel: [    0.000000]   AMD AuthenticAMD
Jul 11 09:51:54 ubuntu kernel: [    0.000000]   Centaur CentaurHauls
Jul 11 09:51:54 ubuntu kernel: [    0.000000] Disabled fast string operations
Jul 11 09:51:54 ubuntu kernel: [    0.000000] e820: BIOS-provided physical RAM map:
Jul 11 09:51:54 ubuntu kernel: [    0.000000] BIOS-e820: [mem 0x0000000000000000-0x000000000009fbff] usable
Jul 11 09:51:54 ubuntu kernel: [    0.000000] BIOS-e820: [mem 0x000000000009fc00-0x000000000009ffff] reserved
Jul 11 09:51:54 ubuntu kernel: [    0.000000] BIOS-e820: [mem 0x00000000000dc000-0x00000000000fffff] reserved
Jul 11 09:51:54 ubuntu kernel: [    0.000000] BIOS-e820: [mem 0x0000000000100000-0x00000000affeffff] usable
Jul 11 09:51:54 ubuntu kernel: [    0.000000] BIOS-e820: [mem 0x00000000afff0000-0x00000000afffefff] ACPI data
Jul 11 09:51:54 ubuntu kernel: [    0.000000] BIOS-e820: [mem 0x00000000affff000-0x00000000afffffff] ACPI NVS
Jul 11 09:51:54 ubuntu kernel: [    0.000000] BIOS-e820: [mem 0x00000000fd000000-0x00000000fd7fffff] reserved
Jul 11 09:51:54 ubuntu kernel: [    0.000000] BIOS-e820: [mem 0x00000000fec00000-0x00000000fec00fff] reserved
Jul 11 09:51:54 ubuntu kernel: [    0.000000] BIOS-e820: [mem 0x00000000fee00000-0x00000000fee00fff] reserved
Jul 11 09:51:54 ubuntu kernel: [    0.000000] BIOS-e820: [mem 0x00000000ffc00000-0x00000000ffffffff] reserved
Jul 11 09:51:54 ubuntu kernel: [    0.000000] BIOS-e820: [mem 0x0000000100000000-0x000000014fffffff] usable
Jul 11 09:51:54 ubuntu kernel: [    0.000000] NX (Execute Disable) protection: active
Jul 11 09:51:54 ubuntu kernel: [    0.000000] SMBIOS 2.3 present.
Jul 11 09:51:54 ubuntu kernel: [    0.000000] DMI: Parallels Software International Inc. Parallels Virtual Platform/Parallels Virtual Platform, BIOS 8.0.18354.823166 10/26/2007
Jul 11 09:51:54 ubuntu kernel: [    0.000000] Hypervisor detected: KVM
Jul 11 09:51:54 ubuntu kernel: [    0.000000] e820: update [mem 0x00000000-0x0000ffff] usable ==> reserved
Jul 11 09:51:54 ubuntu kernel: [    0.000000] e820: remove [mem 0x000a0000-0x000fffff] usable
Jul 11 09:51:54 ubuntu kernel: [    0.000000] No AGP bridge found
Jul 11 09:51:54 ubuntu kernel: [    0.000000] e820: last_pfn = 0x150000 max_arch_pfn = 0x400000000
Jul 11 09:51:54 ubuntu kernel: [    0.000000] MTRR default type: uncachable
Jul 11 09:51:54 ubuntu kernel: [    0.000000] MTRR fixed ranges enabled:
Jul 11 09:51:54 ubuntu kernel: [    0.000000]   00000-9FFFF write-back
Jul 11 09:51:54 ubuntu kernel: [    0.000000]   A0000-BFFFF uncachable
Jul 11 09:51:54 ubuntu kernel: [    0.000000]   C0000-C7FFF write-protect
Jul 11 09:51:54 ubuntu kernel: [    0.000000]   C8000-EFFFF uncachable
Jul 11 09:51:54 ubuntu kernel: [    0.000000]   F0000-FFFFF write-protect
Jul 11 09:51:54 ubuntu kernel: [    0.000000] MTRR variable ranges enabled:
Jul 11 09:51:54 ubuntu kernel: [    0.000000]   0 base 0B0000000 mask FF0000000 uncachable
Jul 11 09:51:54 ubuntu kernel: [    0.000000]   1 base 0F0000000 mask FF0000000 uncachable
Jul 11 09:51:54 ubuntu kernel: [    0.000000]   2 base 000000000 mask F00000000 write-back
Jul 11 09:51:54 ubuntu kernel: [    0.000000]   3 base 100000000 mask FC0000000 write-back
Jul 11 09:51:54 ubuntu kernel: [    0.000000]   4 base 140000000 mask FF0000000 write-back
Jul 11 09:51:54 ubuntu kernel: [    0.000000]   5 disabled
Jul 11 09:51:54 ubuntu kernel: [    0.000000]   6 disabled
Jul 11 09:51:54 ubuntu kernel: [    0.000000]   7 disabled
Jul 11 09:51:54 ubuntu kernel: [    0.000000] x86 PAT enabled: cpu 0, old 0x7040600070406, new 0x7010600070106
Jul 11 09:51:54 ubuntu kernel: [    0.000000] original variable MTRRs
Jul 11 09:51:54 ubuntu kernel: [    0.000000] reg 0, base: 2816MB, range: 256MB, type UC
Jul 11 09:51:54 ubuntu kernel: [    0.000000] reg 1, base: 3840MB, range: 256MB, type UC
Jul 11 09:51:54 ubuntu kernel: [    0.000000] reg 2, base: 0GB, range: 4GB, type WB
Jul 11 09:51:54 ubuntu kernel: [    0.000000] reg 3, base: 4GB, range: 1GB, type WB
Jul 11 09:51:54 ubuntu kernel: [    0.000000] reg 4, base: 5GB, range: 256MB, type WB
Jul 11 09:51:54 ubuntu kernel: [    0.000000] total RAM covered: 4864M
Jul 11 09:51:54 ubuntu kernel: [    0.000000] Found optimal setting for mtrr clean up
Jul 11 09:51:54 ubuntu kernel: [    0.000000]  gran_size: 64K 	chunk_size: 64K 	num_reg: 7  	lose cover RAM: 0G
Jul 11 09:51:54 ubuntu kernel: [    0.000000] New variable MTRRs
Jul 11 09:51:54 ubuntu kernel: [    0.000000] reg 0, base: 0GB, range: 2GB, type WB
Jul 11 09:51:54 ubuntu kernel: [    0.000000] reg 1, base: 2GB, range: 512MB, type WB
Jul 11 09:51:54 ubuntu kernel: [    0.000000] reg 2, base: 2560MB, range: 256MB, type WB
Jul 11 09:51:54 ubuntu kernel: [    0.000000] reg 3, base: 3GB, range: 512MB, type WB
Jul 11 09:51:54 ubuntu kernel: [    0.000000] reg 4, base: 3584MB, range: 256MB, type WB
Jul 11 09:51:54 ubuntu kernel: [    0.000000] reg 5, base: 4GB, range: 1GB, type WB
Jul 11 09:51:54 ubuntu kernel: [    0.000000] reg 6, base: 5GB, range: 256MB, type WB
Jul 11 09:51:54 ubuntu kernel: [    0.000000] e820: update [mem 0xb0000000-0xbfffffff] usable ==> reserved
Jul 11 09:51:54 ubuntu kernel: [    0.000000] e820: update [mem 0xf0000000-0xffffffff] usable ==> reserved
Jul 11 09:51:54 ubuntu kernel: [    0.000000] e820: last_pfn = 0xafff0 max_arch_pfn = 0x400000000
Jul 11 09:51:54 ubuntu kernel: [    0.000000] found SMP MP-table at [mem 0x000ff100-0x000ff10f] mapped at [ffff8800000ff100]
Jul 11 09:51:54 ubuntu kernel: [    0.000000] initial memory mapped: [mem 0x00000000-0x1fffffff]
Jul 11 09:51:54 ubuntu kernel: [    0.000000] Base memory trampoline at [ffff880000099000] 99000 size 24576
Jul 11 09:51:54 ubuntu kernel: [    0.000000] init_memory_mapping: [mem 0x00000000-0xaffeffff]
Jul 11 09:51:54 ubuntu kernel: [    0.000000]  [mem 0x00000000-0xafdfffff] page 2M
Jul 11 09:51:54 ubuntu kernel: [    0.000000]  [mem 0xafe00000-0xaffeffff] page 4k
Jul 11 09:51:54 ubuntu kernel: [    0.000000] kernel direct mapping tables up to 0xaffeffff @ [mem 0x1fffb000-0x1fffffff]
Jul 11 09:51:54 ubuntu kernel: [    0.000000] init_memory_mapping: [mem 0x100000000-0x14fffffff]
Jul 11 09:51:54 ubuntu kernel: [    0.000000]  [mem 0x100000000-0x14fffffff] page 2M
Jul 11 09:51:54 ubuntu kernel: [    0.000000] kernel direct mapping tables up to 0x14fffffff @ [mem 0xaffed000-0xaffeffff]
Jul 11 09:51:54 ubuntu kernel: [    0.000000] RAMDISK: [mem 0x36122000-0x37088fff]
Jul 11 09:51:54 ubuntu kernel: [    0.000000] ACPI: RSDP 00000000000e8000 00024 (v02 PRLS  )
Jul 11 09:51:54 ubuntu kernel: [    0.000000] ACPI: XSDT 00000000afff0040 00034 (v01 PRLS   PRLS_OEM 00000001 INTL 20051216)
Jul 11 09:51:54 ubuntu kernel: [    0.000000] ACPI: FACP 00000000afff0100 000F4 (v03 PRLS   PRLS_OEM 00000001 INTL 20051216)
Jul 11 09:51:54 ubuntu kernel: [    0.000000] ACPI: DSDT 00000000afff0480 04377 (v02 PRLS   PRLSACPI 00001001 INTL 20051216)
Jul 11 09:51:54 ubuntu kernel: [    0.000000] ACPI: FACS 00000000afff0200 00040
Jul 11 09:51:54 ubuntu kernel: [    0.000000] ACPI: APIC 00000000afff0240 00216 (v01 PRLS   PRLS_OEM 00000001 INTL 20051216)
Jul 11 09:51:54 ubuntu kernel: [    0.000000] ACPI: Local APIC address 0xfee00000
Jul 11 09:51:54 ubuntu kernel: [    0.000000] No NUMA configuration found
Jul 11 09:51:54 ubuntu kernel: [    0.000000] Faking a node at [mem 0x0000000000000000-0x000000014fffffff]
Jul 11 09:51:54 ubuntu kernel: [    0.000000] Initmem setup node 0 [mem 0x00000000-0x14fffffff]
Jul 11 09:51:54 ubuntu kernel: [    0.000000]   NODE_DATA [mem 0x14fffb000-0x14fffffff]
Jul 11 09:51:54 ubuntu kernel: [    0.000000] kvm-clock: Using msrs 4b564d01 and 4b564d00
Jul 11 09:51:54 ubuntu kernel: [    0.000000] kvm-clock: cpu 0, msr 1:4fff7001, boot clock
Jul 11 09:51:54 ubuntu kernel: [    1.931014]  [ffffea0000000000-ffffea00053fffff] PMD -> [ffff88014b600000-ffff88014f5fffff] on node 0
Jul 11 09:51:54 ubuntu kernel: [    1.931025] Zone ranges:
Jul 11 09:51:54 ubuntu kernel: [    1.931029]   DMA      [mem 0x00010000-0x00ffffff]
Jul 11 09:51:54 ubuntu kernel: [    1.931031]   DMA32    [mem 0x01000000-0xffffffff]
Jul 11 09:51:54 ubuntu kernel: [    1.931032]   Normal   [mem 0x100000000-0x14fffffff]
Jul 11 09:51:54 ubuntu kernel: [    1.931034] Movable zone start for each node
Jul 11 09:51:54 ubuntu kernel: [    1.931035] Early memory node ranges
Jul 11 09:51:54 ubuntu kernel: [    1.931036]   node   0: [mem 0x00010000-0x0009efff]
Jul 11 09:51:54 ubuntu kernel: [    1.931037]   node   0: [mem 0x00100000-0xaffeffff]
Jul 11 09:51:54 ubuntu kernel: [    1.931037]   node   0: [mem 0x100000000-0x14fffffff]
Jul 11 09:51:54 ubuntu kernel: [    1.931041] On node 0 totalpages: 1048447
Jul 11 09:51:54 ubuntu kernel: [    1.931045]   DMA zone: 64 pages used for memmap
Jul 11 09:51:54 ubuntu kernel: [    1.931046]   DMA zone: 6 pages reserved
Jul 11 09:51:54 ubuntu kernel: [    1.931048]   DMA zone: 3913 pages, LIFO batch:0
Jul 11 09:51:54 ubuntu kernel: [    1.931191]   DMA32 zone: 11200 pages used for memmap
Jul 11 09:51:54 ubuntu kernel: [    1.931192]   DMA32 zone: 705584 pages, LIFO batch:31
Jul 11 09:51:54 ubuntu kernel: [    1.951821]   Normal zone: 5120 pages used for memmap
Jul 11 09:51:54 ubuntu kernel: [    1.951823]   Normal zone: 322560 pages, LIFO batch:31
Jul 11 09:51:54 ubuntu kernel: [    1.963475] ACPI: PM-Timer IO Port: 0x4008
Jul 11 09:51:54 ubuntu kernel: [    1.963480] ACPI: Local APIC address 0xfee00000
Jul 11 09:51:54 ubuntu kernel: [    1.963498] ACPI: LAPIC (acpi_id[0x00] lapic_id[0x00] enabled)
Jul 11 09:51:54 ubuntu kernel: [    1.963504] ACPI: LAPIC (acpi_id[0x01] lapic_id[0x01] enabled)
Jul 11 09:51:54 ubuntu kernel: [    1.963505] ACPI: LAPIC (acpi_id[0x02] lapic_id[0x02] enabled)
Jul 11 09:51:54 ubuntu kernel: [    1.963506] ACPI: LAPIC (acpi_id[0x03] lapic_id[0x03] enabled)
Jul 11 09:51:54 ubuntu kernel: [    1.963506] ACPI: LAPIC (acpi_id[0x04] lapic_id[0x04] disabled)
Jul 11 09:51:54 ubuntu kernel: [    1.963507] ACPI: LAPIC (acpi_id[0x05] lapic_id[0x05] disabled)
Jul 11 09:51:54 ubuntu kernel: [    1.963508] ACPI: LAPIC (acpi_id[0x06] lapic_id[0x06] disabled)
Jul 11 09:51:54 ubuntu kernel: [    1.963509] ACPI: LAPIC (acpi_id[0x07] lapic_id[0x07] disabled)
Jul 11 09:51:54 ubuntu kernel: [    1.963509] ACPI: LAPIC (acpi_id[0x08] lapic_id[0x08] disabled)
Jul 11 09:51:54 ubuntu kernel: [    1.963510] ACPI: LAPIC (acpi_id[0x09] lapic_id[0x09] disabled)
Jul 11 09:51:54 ubuntu kernel: [    1.963511] ACPI: LAPIC (acpi_id[0x0a] lapic_id[0x0a] disabled)
Jul 11 09:51:54 ubuntu kernel: [    1.963511] ACPI: LAPIC (acpi_id[0x0b] lapic_id[0x0b] disabled)
Jul 11 09:51:54 ubuntu kernel: [    1.963512] ACPI: LAPIC (acpi_id[0x0c] lapic_id[0x0c] disabled)
Jul 11 09:51:54 ubuntu kernel: [    1.963513] ACPI: LAPIC (acpi_id[0x0d] lapic_id[0x0d] disabled)
Jul 11 09:51:54 ubuntu kernel: [    1.963513] ACPI: LAPIC (acpi_id[0x0e] lapic_id[0x0e] disabled)
Jul 11 09:51:54 ubuntu kernel: [    1.963514] ACPI: LAPIC (acpi_id[0x0f] lapic_id[0x0f] disabled)
Jul 11 09:51:54 ubuntu kernel: [    1.963515] ACPI: LAPIC (acpi_id[0x10] lapic_id[0x10] disabled)
Jul 11 09:51:54 ubuntu kernel: [    1.963516] ACPI: LAPIC (acpi_id[0x11] lapic_id[0x11] disabled)
Jul 11 09:51:54 ubuntu kernel: [    1.963516] ACPI: LAPIC (acpi_id[0x12] lapic_id[0x12] disabled)
Jul 11 09:51:54 ubuntu kernel: [    1.963517] ACPI: LAPIC (acpi_id[0x13] lapic_id[0x13] disabled)
Jul 11 09:51:54 ubuntu kernel: [    1.963518] ACPI: LAPIC (acpi_id[0x14] lapic_id[0x14] disabled)
Jul 11 09:51:54 ubuntu kernel: [    1.963518] ACPI: LAPIC (acpi_id[0x15] lapic_id[0x15] disabled)
Jul 11 09:51:54 ubuntu kernel: [    1.963519] ACPI: LAPIC (acpi_id[0x16] lapic_id[0x16] disabled)
Jul 11 09:51:54 ubuntu kernel: [    1.963520] ACPI: LAPIC (acpi_id[0x17] lapic_id[0x17] disabled)
Jul 11 09:51:54 ubuntu kernel: [    1.963521] ACPI: LAPIC (acpi_id[0x18] lapic_id[0x18] disabled)
Jul 11 09:51:54 ubuntu kernel: [    1.963521] ACPI: LAPIC (acpi_id[0x19] lapic_id[0x19] disabled)
Jul 11 09:51:54 ubuntu kernel: [    1.963522] ACPI: LAPIC (acpi_id[0x1a] lapic_id[0x1a] disabled)
Jul 11 09:51:54 ubuntu kernel: [    1.963523] ACPI: LAPIC (acpi_id[0x1b] lapic_id[0x1b] disabled)
Jul 11 09:51:54 ubuntu kernel: [    1.963523] ACPI: LAPIC (acpi_id[0x1c] lapic_id[0x1c] disabled)
Jul 11 09:51:54 ubuntu kernel: [    1.963524] ACPI: LAPIC (acpi_id[0x1d] lapic_id[0x1d] disabled)
Jul 11 09:51:54 ubuntu kernel: [    1.963525] ACPI: LAPIC (acpi_id[0x1e] lapic_id[0x1e] disabled)
Jul 11 09:51:54 ubuntu kernel: [    1.963525] ACPI: LAPIC (acpi_id[0x1f] lapic_id[0x1f] disabled)
Jul 11 09:51:54 ubuntu kernel: [    1.963532] ACPI: LAPIC_NMI (acpi_id[0x00] high edge lint[0x1])
Jul 11 09:51:54 ubuntu kernel: [    1.963533] ACPI: LAPIC_NMI (acpi_id[0x01] high edge lint[0x1])
Jul 11 09:51:54 ubuntu kernel: [    1.963534] ACPI: LAPIC_NMI (acpi_id[0x02] high edge lint[0x1])
Jul 11 09:51:54 ubuntu kernel: [    1.963534] ACPI: LAPIC_NMI (acpi_id[0x03] high edge lint[0x1])
Jul 11 09:51:54 ubuntu kernel: [    1.963535] ACPI: LAPIC_NMI (acpi_id[0x04] high edge lint[0x1])
Jul 11 09:51:54 ubuntu kernel: [    1.963536] ACPI: LAPIC_NMI (acpi_id[0x05] high edge lint[0x1])
Jul 11 09:51:54 ubuntu kernel: [    1.963537] ACPI: LAPIC_NMI (acpi_id[0x06] high edge lint[0x1])
Jul 11 09:51:54 ubuntu kernel: [    1.963537] ACPI: LAPIC_NMI (acpi_id[0x07] high edge lint[0x1])
Jul 11 09:51:54 ubuntu kernel: [    1.963538] ACPI: LAPIC_NMI (acpi_id[0x08] high edge lint[0x1])
Jul 11 09:51:54 ubuntu kernel: [    1.963539] ACPI: LAPIC_NMI (acpi_id[0x09] high edge lint[0x1])
Jul 11 09:51:54 ubuntu kernel: [    1.963539] ACPI: LAPIC_NMI (acpi_id[0x0a] high edge lint[0x1])
Jul 11 09:51:54 ubuntu kernel: [    1.963540] ACPI: LAPIC_NMI (acpi_id[0x0b] high edge lint[0x1])
Jul 11 09:51:54 ubuntu kernel: [    1.963541] ACPI: LAPIC_NMI (acpi_id[0x0c] high edge lint[0x1])
Jul 11 09:51:54 ubuntu kernel: [    1.963541] ACPI: LAPIC_NMI (acpi_id[0x0d] high edge lint[0x1])
Jul 11 09:51:54 ubuntu kernel: [    1.963542] ACPI: LAPIC_NMI (acpi_id[0x0e] high edge lint[0x1])
Jul 11 09:51:54 ubuntu kernel: [    1.963543] ACPI: LAPIC_NMI (acpi_id[0x0f] high edge lint[0x1])
Jul 11 09:51:54 ubuntu kernel: [    1.963544] ACPI: LAPIC_NMI (acpi_id[0x10] high edge lint[0x1])
Jul 11 09:51:54 ubuntu kernel: [    1.963544] ACPI: LAPIC_NMI (acpi_id[0x11] high edge lint[0x1])
Jul 11 09:51:54 ubuntu kernel: [    1.963545] ACPI: LAPIC_NMI (acpi_id[0x12] high edge lint[0x1])
Jul 11 09:51:54 ubuntu kernel: [    1.963546] ACPI: LAPIC_NMI (acpi_id[0x13] high edge lint[0x1])
Jul 11 09:51:54 ubuntu kernel: [    1.963547] ACPI: LAPIC_NMI (acpi_id[0x14] high edge lint[0x1])
Jul 11 09:51:54 ubuntu kernel: [    1.963547] ACPI: LAPIC_NMI (acpi_id[0x15] high edge lint[0x1])
Jul 11 09:51:54 ubuntu kernel: [    1.963548] ACPI: LAPIC_NMI (acpi_id[0x16] high edge lint[0x1])
Jul 11 09:51:54 ubuntu kernel: [    1.963549] ACPI: LAPIC_NMI (acpi_id[0x17] high edge lint[0x1])
Jul 11 09:51:54 ubuntu kernel: [    1.963549] ACPI: LAPIC_NMI (acpi_id[0x18] high edge lint[0x1])
Jul 11 09:51:54 ubuntu kernel: [    1.963550] ACPI: LAPIC_NMI (acpi_id[0x19] high edge lint[0x1])
Jul 11 09:51:54 ubuntu kernel: [    1.963551] ACPI: LAPIC_NMI (acpi_id[0x1a] high edge lint[0x1])
Jul 11 09:51:54 ubuntu kernel: [    1.963551] ACPI: LAPIC_NMI (acpi_id[0x1b] high edge lint[0x1])
Jul 11 09:51:54 ubuntu kernel: [    1.963553] ACPI: LAPIC_NMI (acpi_id[0x1c] high edge lint[0x1])
Jul 11 09:51:54 ubuntu kernel: [    1.963554] ACPI: LAPIC_NMI (acpi_id[0x1d] high edge lint[0x1])
Jul 11 09:51:54 ubuntu kernel: [    1.963555] ACPI: LAPIC_NMI (acpi_id[0x1e] high edge lint[0x1])
Jul 11 09:51:54 ubuntu kernel: [    1.963555] ACPI: LAPIC_NMI (acpi_id[0x1f] high edge lint[0x1])
Jul 11 09:51:54 ubuntu kernel: [    1.963558] ACPI: IOAPIC (id[0x00] address[0xfec00000] gsi_base[0])
Jul 11 09:51:54 ubuntu kernel: [    1.963593] IOAPIC[0]: apic_id 0, version 2, address 0xfec00000, GSI 0-23
Jul 11 09:51:54 ubuntu kernel: [    1.963598] ACPI: INT_SRC_OVR (bus 0 bus_irq 0 global_irq 2 dfl dfl)
Jul 11 09:51:54 ubuntu kernel: [    1.963603] ACPI: INT_SRC_OVR (bus 0 bus_irq 14 global_irq 14 dfl edge)
Jul 11 09:51:54 ubuntu kernel: [    1.963604] ACPI: INT_SRC_OVR (bus 0 bus_irq 15 global_irq 15 dfl edge)
Jul 11 09:51:54 ubuntu kernel: [    1.963606] ACPI: IRQ0 used by override.
Jul 11 09:51:54 ubuntu kernel: [    1.963607] ACPI: IRQ2 used by override.
Jul 11 09:51:54 ubuntu kernel: [    1.963608] ACPI: IRQ9 used by override.
Jul 11 09:51:54 ubuntu kernel: [    1.963609] ACPI: IRQ14 used by override.
Jul 11 09:51:54 ubuntu kernel: [    1.963610] ACPI: IRQ15 used by override.
Jul 11 09:51:54 ubuntu kernel: [    1.963614] Using ACPI (MADT) for SMP configuration information
Jul 11 09:51:54 ubuntu kernel: [    1.963618] smpboot: Allowing 32 CPUs, 28 hotplug CPUs
Jul 11 09:51:54 ubuntu kernel: [    1.963628] nr_irqs_gsi: 40
Jul 11 09:51:54 ubuntu kernel: [    1.963657] PM: Registered nosave memory: 000000000009f000 - 00000000000a0000
Jul 11 09:51:54 ubuntu kernel: [    1.963658] PM: Registered nosave memory: 00000000000a0000 - 00000000000dc000
Jul 11 09:51:54 ubuntu kernel: [    1.963659] PM: Registered nosave memory: 00000000000dc000 - 0000000000100000
Jul 11 09:51:54 ubuntu kernel: [    1.963660] PM: Registered nosave memory: 00000000afff0000 - 00000000affff000
Jul 11 09:51:54 ubuntu kernel: [    1.963661] PM: Registered nosave memory: 00000000affff000 - 00000000b0000000
Jul 11 09:51:54 ubuntu kernel: [    1.963662] PM: Registered nosave memory: 00000000b0000000 - 00000000fd000000
Jul 11 09:51:54 ubuntu kernel: [    1.963662] PM: Registered nosave memory: 00000000fd000000 - 00000000fd800000
Jul 11 09:51:54 ubuntu kernel: [    1.963663] PM: Registered nosave memory: 00000000fd800000 - 00000000fec00000
Jul 11 09:51:54 ubuntu kernel: [    1.963664] PM: Registered nosave memory: 00000000fec00000 - 00000000fec01000
Jul 11 09:51:54 ubuntu kernel: [    1.963664] PM: Registered nosave memory: 00000000fec01000 - 00000000fee00000
Jul 11 09:51:54 ubuntu kernel: [    1.963665] PM: Registered nosave memory: 00000000fee00000 - 00000000fee01000
Jul 11 09:51:54 ubuntu kernel: [    1.963666] PM: Registered nosave memory: 00000000fee01000 - 00000000ffc00000
Jul 11 09:51:54 ubuntu kernel: [    1.963667] PM: Registered nosave memory: 00000000ffc00000 - 0000000100000000
Jul 11 09:51:54 ubuntu kernel: [    1.963668] e820: [mem 0xb0000000-0xfcffffff] available for PCI devices
Jul 11 09:51:54 ubuntu kernel: [    1.963671] Booting paravirtualized kernel on KVM
Jul 11 09:51:54 ubuntu kernel: [    1.963680] setup_percpu: NR_CPUS:256 nr_cpumask_bits:256 nr_cpu_ids:32 nr_node_ids:1
Jul 11 09:51:54 ubuntu kernel: [    1.971634] PERCPU: Embedded 28 pages/cpu @ffff88014b200000 s85056 r8192 d21440 u131072
Jul 11 09:51:54 ubuntu kernel: [    1.971649] pcpu-alloc: s85056 r8192 d21440 u131072 alloc=1*2097152
Jul 11 09:51:54 ubuntu kernel: [    1.971651] pcpu-alloc: [0] 00 01 02 03 04 05 06 07 08 09 10 11 12 13 14 15 
Jul 11 09:51:54 ubuntu kernel: [    1.971657] pcpu-alloc: [0] 16 17 18 19 20 21 22 23 24 25 26 27 28 29 30 31 
Jul 11 09:51:54 ubuntu kernel: [    1.971678] kvm-clock: cpu 0, msr 1:4fff7001, primary cpu clock
Jul 11 09:51:54 ubuntu kernel: [    1.971694] Built 1 zonelists in Node order, mobility grouping on.  Total pages: 1032057
Jul 11 09:51:54 ubuntu kernel: [    1.971695] Policy zone: Normal
Jul 11 09:51:54 ubuntu kernel: [    1.971698] Kernel command line: BOOT_IMAGE=/boot/vmlinuz-3.8.0-19-generic root=UUID=47191ad3-12f8-4c65-b8b1-40130354198e ro quiet splash vt.handoff=7
Jul 11 09:51:54 ubuntu kernel: [    1.972677] PID hash table entries: 4096 (order: 3, 32768 bytes)
Jul 11 09:51:54 ubuntu kernel: [    1.972684] __ex_table already sorted, skipping sort
Jul 11 09:51:54 ubuntu kernel: [    1.972712] xsave: enabled xstate_bv 0x7, cntxt size 0x340
Jul 11 09:51:54 ubuntu kernel: [    2.056621] Checking aperture...
Jul 11 09:51:54 ubuntu kernel: [    2.069109] No AGP bridge found
Jul 11 09:51:54 ubuntu kernel: [    2.069222] Calgary: detecting Calgary via BIOS EBDA area
Jul 11 09:51:54 ubuntu kernel: [    2.069223] Calgary: Unable to locate Rio Grande table in EBDA - bailing!
Jul 11 09:51:54 ubuntu kernel: [    2.080512] Memory: 4026992k/5505024k available (7006k kernel code, 1311236k absent, 166796k reserved, 6238k data, 992k init)
Jul 11 09:51:54 ubuntu kernel: [    2.080690] SLUB: Genslabs=15, HWalign=64, Order=0-3, MinObjects=0, CPUs=32, Nodes=1
Jul 11 09:51:54 ubuntu kernel: [    2.080856] Hierarchical RCU implementation.
Jul 11 09:51:54 ubuntu kernel: [    2.080857] 	RCU dyntick-idle grace-period acceleration is enabled.
Jul 11 09:51:54 ubuntu kernel: [    2.080859] 	RCU restricting CPUs from NR_CPUS=256 to nr_cpu_ids=32.
Jul 11 09:51:54 ubuntu kernel: [    2.080879] NR_IRQS:16640 nr_irqs:936 16
Jul 11 09:51:54 ubuntu kernel: [    2.081128] Console: colour dummy device 80x25
Jul 11 09:51:54 ubuntu kernel: [    2.081195] console [tty0] enabled
Jul 11 09:51:54 ubuntu kernel: [    2.111317] allocated 16777216 bytes of page_cgroup
Jul 11 09:51:54 ubuntu kernel: [    2.111319] please try 'cgroup_disable=memory' option if you don't want memory cgroups
Jul 11 09:51:54 ubuntu kernel: [    2.111409] tsc: Detected 2294.000 MHz processor
Jul 11 09:51:54 ubuntu kernel: [    2.111420] Calibrating delay loop (skipped) preset value.. 4588.00 BogoMIPS (lpj=9176000)
Jul 11 09:51:54 ubuntu kernel: [    2.111422] pid_max: default: 32768 minimum: 301
Jul 11 09:51:54 ubuntu kernel: [    2.111493] Security Framework initialized
Jul 11 09:51:54 ubuntu kernel: [    2.111548] AppArmor: AppArmor initialized
Jul 11 09:51:54 ubuntu kernel: [    2.111549] Yama: becoming mindful.
Jul 11 09:51:54 ubuntu kernel: [    2.111873] Dentry cache hash table entries: 524288 (order: 10, 4194304 bytes)
Jul 11 09:51:54 ubuntu kernel: [    2.120129] Inode-cache hash table entries: 262144 (order: 9, 2097152 bytes)
Jul 11 09:51:54 ubuntu kernel: [    2.124163] Mount-cache hash table entries: 256
Jul 11 09:51:54 ubuntu kernel: [    2.124688] Initializing cgroup subsys cpuacct
Jul 11 09:51:54 ubuntu kernel: [    2.124692] Initializing cgroup subsys memory
Jul 11 09:51:54 ubuntu kernel: [    2.124703] Initializing cgroup subsys devices
Jul 11 09:51:54 ubuntu kernel: [    2.124705] Initializing cgroup subsys freezer
Jul 11 09:51:54 ubuntu kernel: [    2.124709] Initializing cgroup subsys blkio
Jul 11 09:51:54 ubuntu kernel: [    2.124712] Initializing cgroup subsys perf_event
Jul 11 09:51:54 ubuntu kernel: [    2.124715] Initializing cgroup subsys hugetlb
Jul 11 09:51:54 ubuntu kernel: [    2.124801] Disabled fast string operations
Jul 11 09:51:54 ubuntu kernel: [    2.124812] ENERGY_PERF_BIAS: Set to 'normal', was 'performance'
Jul 11 09:51:54 ubuntu kernel: [    2.124812] ENERGY_PERF_BIAS: View and update with x86_energy_perf_policy(8)
Jul 11 09:51:54 ubuntu kernel: [    2.124818] CPU: Physical Processor ID: 0
Jul 11 09:51:54 ubuntu kernel: [    2.124818] CPU: Processor Core ID: 0
Jul 11 09:51:54 ubuntu kernel: [    2.125106] mce: CPU supports 0 MCE banks
Jul 11 09:51:54 ubuntu kernel: [    2.125140] Last level iTLB entries: 4KB 512, 2MB 0, 4MB 0
Jul 11 09:51:54 ubuntu kernel: [    2.125140] Last level dTLB entries: 4KB 512, 2MB 32, 4MB 32
Jul 11 09:51:54 ubuntu kernel: [    2.125140] tlb_flushall_shift: 1
Jul 11 09:51:54 ubuntu kernel: [    2.125323] Freeing SMP alternatives: 24k freed
Jul 11 09:51:54 ubuntu kernel: [    2.130352] ACPI: Core revision 20121018
Jul 11 09:51:54 ubuntu kernel: [    2.131826] ftrace: allocating 26689 entries in 105 pages
Jul 11 09:51:54 ubuntu kernel: [    2.156997] Enabling x2apic
Jul 11 09:51:54 ubuntu kernel: [    2.157008] Enabled x2apic
Jul 11 09:51:54 ubuntu kernel: [    2.157137] Switched APIC routing to physical x2apic.
Jul 11 09:51:54 ubuntu kernel: [    2.157929] ..TIMER: vector=0x30 apic1=0 pin1=2 apic2=-1 pin2=-1
Jul 11 09:51:54 ubuntu kernel: [    2.157931] smpboot: CPU0: Intel(R) Core(TM) i7-3615QM CPU @ 2.30GHz (fam: 06, model: 3a, stepping: 09)
Jul 11 09:51:54 ubuntu kernel: [    2.263480] Performance Events: unsupported p6 CPU model 58 no PMU driver, software events only.
Jul 11 09:51:54 ubuntu kernel: [    2.265992] NMI watchdog: disabled (cpu0): hardware events not enabled
Jul 11 09:51:54 ubuntu kernel: [    2.277202] kvm-clock: cpu 1, msr 1:4fff7041, secondary cpu clock
Jul 11 09:51:54 ubuntu kernel: [    2.278647] Disabled fast string operations
Jul 11 09:51:54 ubuntu kernel: [    2.278951] mce: CPU supports 0 MCE banks
Jul 11 09:51:54 ubuntu kernel: [    2.292191] kvm-clock: cpu 2, msr 1:4fff7081, secondary cpu clock
Jul 11 09:51:54 ubuntu kernel: [    2.293622] Disabled fast string operations
Jul 11 09:51:54 ubuntu kernel: [    2.293910] mce: CPU supports 0 MCE banks
Jul 11 09:51:54 ubuntu kernel: [    2.308112] kvm-clock: cpu 3, msr 1:4fff70c1, secondary cpu clock
Jul 11 09:51:54 ubuntu kernel: [    2.308699] Disabled fast string operations
Jul 11 09:51:54 ubuntu kernel: [    2.309014] mce: CPU supports 0 MCE banks
Jul 11 09:51:54 ubuntu kernel: [    2.266398] smpboot: Booting Node   0, Processors  #1 #2 #3
Jul 11 09:51:54 ubuntu kernel: [    2.311088] Brought up 4 CPUs
Jul 11 09:51:54 ubuntu kernel: [    2.311092] smpboot: Total of 4 processors activated (18352.00 BogoMIPS)
Jul 11 09:51:54 ubuntu kernel: [    2.317927] devtmpfs: initialized
Jul 11 09:51:54 ubuntu kernel: [    2.318981] EVM: security.selinux
Jul 11 09:51:54 ubuntu kernel: [    2.318983] EVM: security.SMACK64
Jul 11 09:51:54 ubuntu kernel: [    2.318984] EVM: security.capability
Jul 11 09:51:54 ubuntu kernel: [    2.319237] PM: Registering ACPI NVS region [mem 0xaffff000-0xafffffff] (4096 bytes)
Jul 11 09:51:54 ubuntu kernel: [    2.320085] regulator-dummy: no parameters
Jul 11 09:51:54 ubuntu kernel: [    2.320248] NET: Registered protocol family 16
Jul 11 09:51:54 ubuntu kernel: [    2.320700] ACPI: bus type pci registered
Jul 11 09:51:54 ubuntu kernel: [    2.320805] PCI: Using configuration type 1 for base access
Jul 11 09:51:54 ubuntu kernel: [    2.322324] bio: create slab <bio-0> at 0
Jul 11 09:51:54 ubuntu kernel: [    2.322736] ACPI: Added _OSI(Module Device)
Jul 11 09:51:54 ubuntu kernel: [    2.322738] ACPI: Added _OSI(Processor Device)
Jul 11 09:51:54 ubuntu kernel: [    2.322739] ACPI: Added _OSI(3.0 _SCP Extensions)
Jul 11 09:51:54 ubuntu kernel: [    2.322740] ACPI: Added _OSI(Processor Aggregator Device)
Jul 11 09:51:54 ubuntu kernel: [    2.323334] ACPI: EC: Look up EC in DSDT
Jul 11 09:51:54 ubuntu kernel: [    2.327649] ACPI: Executed 1 blocks of module-level executable AML code
Jul 11 09:51:54 ubuntu kernel: [    2.328788] ACPI: Interpreter enabled
Jul 11 09:51:54 ubuntu kernel: [    2.328793] ACPI: (supports S0 S1 S3 S4 S5)
Jul 11 09:51:54 ubuntu kernel: [    2.328809] ACPI: Using IOAPIC for interrupt routing
Jul 11 09:51:54 ubuntu kernel: [    2.343574] ACPI: EC: GPE = 0xa, I/O: command/status = 0x66, data = 0x62
Jul 11 09:51:54 ubuntu kernel: [    2.343655] ACPI: No dock devices found.
Jul 11 09:51:54 ubuntu kernel: [    2.343662] PCI: Ignoring host bridge windows from ACPI; if necessary, use "pci=use_crs" and report a bug
Jul 11 09:51:54 ubuntu kernel: [    2.343682] ACPI: PCI Root Bridge [PCI0] (domain 0000 [bus 00-7f])
Jul 11 09:51:54 ubuntu kernel: [    2.343685] ACPI: PCI Interrupt Routing Table [\_SB_.PCI0._PRT]
Jul 11 09:51:54 ubuntu kernel: [    2.343820] pci_root PNP0A08:00: host bridge window [io  0x0000-0x0cf7] (ignored)
Jul 11 09:51:54 ubuntu kernel: [    2.343822] pci_root PNP0A08:00: host bridge window [io  0x0d00-0xffff] (ignored)
Jul 11 09:51:54 ubuntu kernel: [    2.343824] pci_root PNP0A08:00: host bridge window [mem 0x000a0000-0x000bffff] (ignored)
Jul 11 09:51:54 ubuntu kernel: [    2.343825] pci_root PNP0A08:00: host bridge window [mem 0x000d0000-0x000dffff] (ignored)
Jul 11 09:51:54 ubuntu kernel: [    2.343826] pci_root PNP0A08:00: host bridge window [mem 0x000c0000-0x000cffff] (ignored)
Jul 11 09:51:54 ubuntu kernel: [    2.343827] pci_root PNP0A08:00: host bridge window [mem 0xb0000000-0xfbffffff] (ignored)
Jul 11 09:51:54 ubuntu kernel: [    2.343828] pci_root PNP0A08:00: host bridge window [mem 0xfd000000-0xfd7fffff] (ignored)
Jul 11 09:51:54 ubuntu kernel: [    2.343831] PCI: root bus 00: using default resources
Jul 11 09:51:54 ubuntu kernel: [    2.343833] pci_root PNP0A08:00: fail to add MMCONFIG information, can't access extended PCI configuration space under this bridge.
Jul 11 09:51:54 ubuntu kernel: [    2.343854] PCI host bridge to bus 0000:00
Jul 11 09:51:54 ubuntu kernel: [    2.343857] pci_bus 0000:00: root bus resource [bus 00-7f]
Jul 11 09:51:54 ubuntu kernel: [    2.343858] pci_bus 0000:00: root bus resource [io  0x0000-0xffff]
Jul 11 09:51:54 ubuntu kernel: [    2.343859] pci_bus 0000:00: root bus resource [mem 0x00000000-0xfffffffff]
Jul 11 09:51:54 ubuntu kernel: [    2.343881] pci 0000:00:00.0: [8086:29a0] type 00 class 0x060000
Jul 11 09:51:54 ubuntu kernel: [    2.344042] pci 0000:00:01.0: [8086:2981] type 01 class 0x060401
Jul 11 09:51:54 ubuntu kernel: [    2.344166] pci 0000:00:01.0: PME# supported from D0 D3hot D3cold
Jul 11 09:51:54 ubuntu kernel: [    2.344199] pci 0000:00:03.0: [1ab8:4000] type 00 class 0xff0000
Jul 11 09:51:54 ubuntu kernel: [    2.344219] pci 0000:00:03.0: reg 10: [io  0x8000-0x801f]
Jul 11 09:51:54 ubuntu kernel: [    2.344321] pci 0000:00:05.0: [8086:100f] type 00 class 0x020000
Jul 11 09:51:54 ubuntu kernel: [    2.344365] pci 0000:00:05.0: reg 10: [mem 0xee000000-0xee01ffff]
Jul 11 09:51:54 ubuntu kernel: [    2.344437] pci 0000:00:05.0: reg 1c: [io  0x8200-0x821f]
Jul 11 09:51:54 ubuntu kernel: [    2.344567] pci 0000:00:0a.0: [1011:0022] type 01 class 0x060400
Jul 11 09:51:54 ubuntu kernel: [    2.344631] pci 0000:00:0e.0: [1af4:1002] type 00 class 0x050000
Jul 11 09:51:54 ubuntu kernel: [    2.344650] pci 0000:00:0e.0: reg 10: [io  0xb000-0xb01f]
Jul 11 09:51:54 ubuntu kernel: [    2.344765] pci 0000:00:1d.0: [8086:2658] type 00 class 0x0c0300
Jul 11 09:51:54 ubuntu kernel: [    2.344831] pci 0000:00:1d.0: reg 20: [io  0xb200-0xb21f]
Jul 11 09:51:54 ubuntu kernel: [    2.344891] pci 0000:00:1d.6: [1033:0194] type 00 class 0x0c0330
Jul 11 09:51:54 ubuntu kernel: [    2.344918] pci 0000:00:1d.6: reg 10: [mem 0xef100000-0xef100fff]
Jul 11 09:51:54 ubuntu kernel: [    2.345147] pci 0000:00:1d.7: [8086:265c] type 00 class 0x0c0320
Jul 11 09:51:54 ubuntu kernel: [    2.345171] pci 0000:00:1d.7: reg 10: [mem 0xef140000-0xef1403ff]
Jul 11 09:51:54 ubuntu kernel: [    2.345290] pci 0000:00:1e.0: [8086:244e] type 01 class 0x060400
Jul 11 09:51:54 ubuntu kernel: [    2.345389] pci 0000:00:1f.0: [8086:2810] type 00 class 0x060100
Jul 11 09:51:54 ubuntu kernel: [    2.345485] pci 0000:00:1f.0: quirk: [io  0x4000-0x407f] claimed by ICH6 ACPI/GPIO/TCO
Jul 11 09:51:54 ubuntu kernel: [    2.345522] pci 0000:00:1f.1: [8086:244b] type 00 class 0x010180
Jul 11 09:51:54 ubuntu kernel: [    2.345585] pci 0000:00:1f.1: reg 20: [io  0xe000-0xe00f]
Jul 11 09:51:54 ubuntu kernel: [    2.345640] pci 0000:00:1f.2: [8086:2821] type 00 class 0x010601
Jul 11 09:51:54 ubuntu kernel: [    2.345674] pci 0000:00:1f.2: reg 10: [io  0xe200-0xe207]
Jul 11 09:51:54 ubuntu kernel: [    2.345694] pci 0000:00:1f.2: reg 14: [io  0xe400-0xe403]
Jul 11 09:51:54 ubuntu kernel: [    2.345713] pci 0000:00:1f.2: reg 18: [io  0xe600-0xe607]
Jul 11 09:51:54 ubuntu kernel: [    2.345732] pci 0000:00:1f.2: reg 1c: [io  0xe800-0xe803]
Jul 11 09:51:54 ubuntu kernel: [    2.345752] pci 0000:00:1f.2: reg 20: [io  0xea00-0xea0f]
Jul 11 09:51:54 ubuntu kernel: [    2.345771] pci 0000:00:1f.2: reg 24: [mem 0xf0200000-0xf0201fff]
Jul 11 09:51:54 ubuntu kernel: [    2.345861] pci 0000:00:1f.4: [8086:2445] type 00 class 0x040100
Jul 11 09:51:54 ubuntu kernel: [    2.345897] pci 0000:00:1f.4: reg 10: [io  0xec00-0xecff]
Jul 11 09:51:54 ubuntu kernel: [    2.345926] pci 0000:00:1f.4: reg 14: [io  0xee00-0xeeff]
Jul 11 09:51:54 ubuntu kernel: [    2.346134] pci 0000:01:00.0: [1ab8:4005] type 00 class 0x030000
Jul 11 09:51:54 ubuntu kernel: [    2.348663] pci 0000:01:00.0: reg 10: [io  0x6000-0x601f]
Jul 11 09:51:54 ubuntu kernel: [    2.352124] pci 0000:01:00.0: reg 14: [mem 0xb0000000-0xb1ffffff pref]
Jul 11 09:51:54 ubuntu kernel: [    2.369440] pci 0000:01:00.0: reg 30: [mem 0xe2000000-0xe200ffff pref]
Jul 11 09:51:54 ubuntu kernel: [    2.369526] pci 0000:00:01.0: PCI bridge to [bus 01] (subtractive decode)
Jul 11 09:51:54 ubuntu kernel: [    2.369532] pci 0000:00:01.0:   bridge window [io  0x6000-0x7fff]
Jul 11 09:51:54 ubuntu kernel: [    2.369536] pci 0000:00:01.0:   bridge window [mem 0xe2000000-0xedffffff]
Jul 11 09:51:54 ubuntu kernel: [    2.369544] pci 0000:00:01.0:   bridge window [mem 0xb0000000-0xdfffffff 64bit pref]
Jul 11 09:51:54 ubuntu kernel: [    2.369546] pci 0000:00:01.0:   bridge window [io  0x0000-0xffff] (subtractive decode)
Jul 11 09:51:54 ubuntu kernel: [    2.369548] pci 0000:00:01.0:   bridge window [mem 0x00000000-0xfffffffff] (subtractive decode)
Jul 11 09:51:54 ubuntu kernel: [    2.369622] pci 0000:00:0a.0: PCI bridge to [bus 02]
Jul 11 09:51:54 ubuntu kernel: [    2.369627] pci 0000:00:0a.0:   bridge window [io  0x9000-0xafff]
Jul 11 09:51:54 ubuntu kernel: [    2.369631] pci 0000:00:0a.0:   bridge window [mem 0xee100000-0xef0fffff]
Jul 11 09:51:54 ubuntu kernel: [    2.369636] pci 0000:00:0a.0:   bridge window [mem 0xe0000000-0xe0ffffff pref]
Jul 11 09:51:54 ubuntu kernel: [    2.369757] pci 0000:00:1e.0: PCI bridge to [bus 03] (subtractive decode)
Jul 11 09:51:54 ubuntu kernel: [    2.369762] pci 0000:00:1e.0:   bridge window [io  0xc000-0xdfff]
Jul 11 09:51:54 ubuntu kernel: [    2.369766] pci 0000:00:1e.0:   bridge window [mem 0xef200000-0xf01fffff]
Jul 11 09:51:54 ubuntu kernel: [    2.369774] pci 0000:00:1e.0:   bridge window [mem 0xe1000000-0xe1ffffff 64bit pref]
Jul 11 09:51:54 ubuntu kernel: [    2.369776] pci 0000:00:1e.0:   bridge window [io  0x0000-0xffff] (subtractive decode)
Jul 11 09:51:54 ubuntu kernel: [    2.369777] pci 0000:00:1e.0:   bridge window [mem 0x00000000-0xfffffffff] (subtractive decode)
Jul 11 09:51:54 ubuntu kernel: [    2.369813] ACPI: PCI Interrupt Routing Table [\_SB_.PCI0.PX16._PRT]
Jul 11 09:51:54 ubuntu kernel: [    2.370052] ACPI: PCI Interrupt Routing Table [\_SB_.PCI0.PCIN._PRT]
Jul 11 09:51:54 ubuntu kernel: [    2.370113] ACPI: PCI Interrupt Routing Table [\_SB_.PCI0.PCI2._PRT]
Jul 11 09:51:54 ubuntu kernel: [    2.370193]  pci0000:00: ACPI _OSC support notification failed, disabling PCIe ASPM
Jul 11 09:51:54 ubuntu kernel: [    2.370196]  pci0000:00: Unable to request _OSC control (_OSC support mask: 0x08)
Jul 11 09:51:54 ubuntu kernel: [    2.370742] ACPI Exception: AE_NOT_FOUND, Evaluating _PRS (20121018/pci_link-184)
Jul 11 09:51:54 ubuntu kernel: [    2.370918] vgaarb: device added: PCI:0000:01:00.0,decodes=io+mem,owns=io+mem,locks=none
Jul 11 09:51:54 ubuntu kernel: [    2.370919] vgaarb: loaded
Jul 11 09:51:54 ubuntu kernel: [    2.370920] vgaarb: bridge control possible 0000:01:00.0
Jul 11 09:51:54 ubuntu kernel: [    2.371241] SCSI subsystem initialized
Jul 11 09:51:54 ubuntu kernel: [    2.371246] ACPI: bus type scsi registered
Jul 11 09:51:54 ubuntu kernel: [    2.371578] libata version 3.00 loaded.
Jul 11 09:51:54 ubuntu kernel: [    2.371607] ACPI: bus type usb registered
Jul 11 09:51:54 ubuntu kernel: [    2.371657] usbcore: registered new interface driver usbfs
Jul 11 09:51:54 ubuntu kernel: [    2.371666] usbcore: registered new interface driver hub
Jul 11 09:51:54 ubuntu kernel: [    2.371855] usbcore: registered new device driver usb
Jul 11 09:51:54 ubuntu kernel: [    2.372341] PCI: Using ACPI for IRQ routing
Jul 11 09:51:54 ubuntu kernel: [    2.372345] PCI: pci_cache_line_size set to 64 bytes
Jul 11 09:51:54 ubuntu kernel: [    2.372413] e820: reserve RAM buffer [mem 0x0009fc00-0x0009ffff]
Jul 11 09:51:54 ubuntu kernel: [    2.372415] e820: reserve RAM buffer [mem 0xafff0000-0xafffffff]
Jul 11 09:51:54 ubuntu kernel: [    2.372566] NetLabel: Initializing
Jul 11 09:51:54 ubuntu kernel: [    2.372568] NetLabel:  domain hash size = 128
Jul 11 09:51:54 ubuntu kernel: [    2.372569] NetLabel:  protocols = UNLABELED CIPSOv4
Jul 11 09:51:54 ubuntu kernel: [    2.372580] NetLabel:  unlabeled traffic allowed by default
Jul 11 09:51:54 ubuntu kernel: [    2.372676] Switching to clocksource kvm-clock
Jul 11 09:51:54 ubuntu kernel: [    2.386249] AppArmor: AppArmor Filesystem Enabled
Jul 11 09:51:54 ubuntu kernel: [    2.386308] pnp: PnP ACPI init
Jul 11 09:51:54 ubuntu kernel: [    2.386319] ACPI: bus type pnp registered
Jul 11 09:51:54 ubuntu kernel: [    2.386466] pnp 00:00: Plug and Play ACPI device, IDs PNP0303 (active)
Jul 11 09:51:54 ubuntu kernel: [    2.386496] pnp 00:01: Plug and Play ACPI device, IDs PNP0f03 (active)
Jul 11 09:51:54 ubuntu kernel: [    2.386533] pnp 00:02: Plug and Play ACPI device, IDs PNP0b00 (active)
Jul 11 09:51:54 ubuntu kernel: [    2.386571] pnp 00:03: Plug and Play ACPI device, IDs PNP0800 (active)
Jul 11 09:51:54 ubuntu kernel: [    2.386632] system 00:04: [mem 0xffc00000-0xffffffff] has been reserved
Jul 11 09:51:54 ubuntu kernel: [    2.386634] system 00:04: Plug and Play ACPI device, IDs PNP0c01 (active)
Jul 11 09:51:54 ubuntu kernel: [    2.386657] pnp 00:05: [dma 4]
Jul 11 09:51:54 ubuntu kernel: [    2.386668] pnp 00:05: Plug and Play ACPI device, IDs PNP0200 (active)
Jul 11 09:51:54 ubuntu kernel: [    2.386691] system 00:06: [io  0x04d0-0x04d1] has been reserved
Jul 11 09:51:54 ubuntu kernel: [    2.386692] system 00:06: [io  0x1000-0x107f] has been reserved
Jul 11 09:51:54 ubuntu kernel: [    2.386693] system 00:06: [io  0x1300-0x133f] has been reserved
Jul 11 09:51:54 ubuntu kernel: [    2.386695] system 00:06: Plug and Play ACPI device, IDs PNP0c02 (active)
Jul 11 09:51:54 ubuntu kernel: [    2.386722] pnp 00:07: Plug and Play ACPI device, IDs PNP0c04 (active)
Jul 11 09:51:54 ubuntu kernel: [    2.386740] pnp 00:08: Plug and Play ACPI device, IDs INT0800 (active)
Jul 11 09:51:54 ubuntu kernel: [    2.388150] pnp: PnP ACPI: found 9 devices
Jul 11 09:51:54 ubuntu kernel: [    2.388153] ACPI: ACPI bus type pnp unregistered
Jul 11 09:51:54 ubuntu kernel: [    2.398376] pci 0000:00:01.0: PCI bridge to [bus 01]
Jul 11 09:51:54 ubuntu kernel: [    2.398381] pci 0000:00:01.0:   bridge window [io  0x6000-0x7fff]
Jul 11 09:51:54 ubuntu kernel: [    2.398387] pci 0000:00:01.0:   bridge window [mem 0xe2000000-0xedffffff]
Jul 11 09:51:54 ubuntu kernel: [    2.398392] pci 0000:00:01.0:   bridge window [mem 0xb0000000-0xdfffffff 64bit pref]
Jul 11 09:51:54 ubuntu kernel: [    2.398400] pci 0000:00:0a.0: PCI bridge to [bus 02]
Jul 11 09:51:54 ubuntu kernel: [    2.398403] pci 0000:00:0a.0:   bridge window [io  0x9000-0xafff]
Jul 11 09:51:54 ubuntu kernel: [    2.398409] pci 0000:00:0a.0:   bridge window [mem 0xee100000-0xef0fffff]
Jul 11 09:51:54 ubuntu kernel: [    2.398413] pci 0000:00:0a.0:   bridge window [mem 0xe0000000-0xe0ffffff pref]
Jul 11 09:51:54 ubuntu kernel: [    2.398421] pci 0000:00:1e.0: PCI bridge to [bus 03]
Jul 11 09:51:54 ubuntu kernel: [    2.398424] pci 0000:00:1e.0:   bridge window [io  0xc000-0xdfff]
Jul 11 09:51:54 ubuntu kernel: [    2.398430] pci 0000:00:1e.0:   bridge window [mem 0xef200000-0xf01fffff]
Jul 11 09:51:54 ubuntu kernel: [    2.398434] pci 0000:00:1e.0:   bridge window [mem 0xe1000000-0xe1ffffff 64bit pref]
Jul 11 09:51:54 ubuntu kernel: [    2.398456] pci 0000:00:0a.0: setting latency timer to 64
Jul 11 09:51:54 ubuntu kernel: [    2.398465] pci 0000:00:1e.0: setting latency timer to 64
Jul 11 09:51:54 ubuntu kernel: [    2.398468] pci_bus 0000:00: resource 4 [io  0x0000-0xffff]
Jul 11 09:51:54 ubuntu kernel: [    2.398470] pci_bus 0000:00: resource 5 [mem 0x00000000-0xfffffffff]
Jul 11 09:51:54 ubuntu kernel: [    2.398471] pci_bus 0000:01: resource 0 [io  0x6000-0x7fff]
Jul 11 09:51:54 ubuntu kernel: [    2.398473] pci_bus 0000:01: resource 1 [mem 0xe2000000-0xedffffff]
Jul 11 09:51:54 ubuntu kernel: [    2.398475] pci_bus 0000:01: resource 2 [mem 0xb0000000-0xdfffffff 64bit pref]
Jul 11 09:51:54 ubuntu kernel: [    2.398476] pci_bus 0000:01: resource 4 [io  0x0000-0xffff]
Jul 11 09:51:54 ubuntu kernel: [    2.398477] pci_bus 0000:01: resource 5 [mem 0x00000000-0xfffffffff]
Jul 11 09:51:54 ubuntu kernel: [    2.398478] pci_bus 0000:02: resource 0 [io  0x9000-0xafff]
Jul 11 09:51:54 ubuntu kernel: [    2.398479] pci_bus 0000:02: resource 1 [mem 0xee100000-0xef0fffff]
Jul 11 09:51:54 ubuntu kernel: [    2.398480] pci_bus 0000:02: resource 2 [mem 0xe0000000-0xe0ffffff pref]
Jul 11 09:51:54 ubuntu kernel: [    2.398482] pci_bus 0000:03: resource 0 [io  0xc000-0xdfff]
Jul 11 09:51:54 ubuntu kernel: [    2.398483] pci_bus 0000:03: resource 1 [mem 0xef200000-0xf01fffff]
Jul 11 09:51:54 ubuntu kernel: [    2.398484] pci_bus 0000:03: resource 2 [mem 0xe1000000-0xe1ffffff 64bit pref]
Jul 11 09:51:54 ubuntu kernel: [    2.398485] pci_bus 0000:03: resource 4 [io  0x0000-0xffff]
Jul 11 09:51:54 ubuntu kernel: [    2.398486] pci_bus 0000:03: resource 5 [mem 0x00000000-0xfffffffff]
Jul 11 09:51:54 ubuntu kernel: [    2.398613] NET: Registered protocol family 2
Jul 11 09:51:54 ubuntu kernel: [    2.398862] TCP established hash table entries: 32768 (order: 7, 524288 bytes)
Jul 11 09:51:54 ubuntu kernel: [    2.399911] TCP bind hash table entries: 32768 (order: 7, 524288 bytes)
Jul 11 09:51:54 ubuntu kernel: [    2.400920] TCP: Hash tables configured (established 32768 bind 32768)
Jul 11 09:51:54 ubuntu kernel: [    2.401162] TCP: reno registered
Jul 11 09:51:54 ubuntu kernel: [    2.401171] UDP hash table entries: 2048 (order: 4, 65536 bytes)
Jul 11 09:51:54 ubuntu kernel: [    2.401293] UDP-Lite hash table entries: 2048 (order: 4, 65536 bytes)
Jul 11 09:51:54 ubuntu kernel: [    2.401540] NET: Registered protocol family 1
Jul 11 09:51:54 ubuntu kernel: [    2.401870] pci 0000:01:00.0: Boot video device
Jul 11 09:51:54 ubuntu kernel: [    2.401876] PCI: CLS 0 bytes, default 64
Jul 11 09:51:54 ubuntu kernel: [    2.401924] Trying to unpack rootfs image as initramfs...
Jul 11 09:51:54 ubuntu kernel: [    2.703615] Freeing initrd memory: 15772k freed
Jul 11 09:51:54 ubuntu kernel: [    2.705323] PCI-DMA: Using software bounce buffering for IO (SWIOTLB)
Jul 11 09:51:54 ubuntu kernel: [    2.705328] software IO TLB [mem 0xabfed000-0xaffed000] (64MB) mapped at [ffff8800abfed000-ffff8800affecfff]
Jul 11 09:51:54 ubuntu kernel: [    2.706533] Initialise module verification
Jul 11 09:51:54 ubuntu kernel: [    2.706570] audit: initializing netlink socket (disabled)
Jul 11 09:51:54 ubuntu kernel: [    2.706582] type=2000 audit(1373550710.472:1): initialized
Jul 11 09:51:54 ubuntu kernel: [    2.728888] HugeTLB registered 2 MB page size, pre-allocated 0 pages
Jul 11 09:51:54 ubuntu kernel: [    2.731048] VFS: Disk quotas dquot_6.5.2
Jul 11 09:51:54 ubuntu kernel: [    2.731088] Dquot-cache hash table entries: 512 (order 0, 4096 bytes)
Jul 11 09:51:54 ubuntu kernel: [    2.731877] fuse init (API version 7.20)
Jul 11 09:51:54 ubuntu kernel: [    2.732022] msgmni has been set to 7896
Jul 11 09:51:54 ubuntu kernel: [    2.734084] Key type asymmetric registered
Jul 11 09:51:54 ubuntu kernel: [    2.734088] Asymmetric key parser 'x509' registered
Jul 11 09:51:54 ubuntu kernel: [    2.734114] Block layer SCSI generic (bsg) driver version 0.4 loaded (major 252)
Jul 11 09:51:54 ubuntu kernel: [    2.734264] io scheduler noop registered
Jul 11 09:51:54 ubuntu kernel: [    2.734266] io scheduler deadline registered (default)
Jul 11 09:51:54 ubuntu kernel: [    2.734271] io scheduler cfq registered
Jul 11 09:51:54 ubuntu kernel: [    2.734351] pci_hotplug: PCI Hot Plug PCI Core version: 0.5
Jul 11 09:51:54 ubuntu kernel: [    2.734400] pciehp: PCI Express Hot Plug Controller Driver version: 0.4
Jul 11 09:51:54 ubuntu kernel: [    2.734477] intel_idle: does not run on family 6 model 58
Jul 11 09:51:54 ubuntu kernel: [    2.735847] ACPI: AC Adapter [ADP0] (on-line)
Jul 11 09:51:54 ubuntu kernel: [    2.736927] input: Power Button as /devices/LNXSYSTM:00/LNXPWRBN:00/input/input0
Jul 11 09:51:54 ubuntu kernel: [    2.736931] ACPI: Power Button [PWRF]
Jul 11 09:51:54 ubuntu kernel: [    2.736972] input: Sleep Button as /devices/LNXSYSTM:00/LNXSLPBN:00/input/input1
Jul 11 09:51:54 ubuntu kernel: [    2.736975] ACPI: Sleep Button [SLPF]
Jul 11 09:51:54 ubuntu kernel: [    2.741729] GHES: HEST is not enabled!
Jul 11 09:51:54 ubuntu kernel: [    2.741747] virtio-pci 0000:00:0e.0: enabling device (0000 -> 0001)
Jul 11 09:51:54 ubuntu kernel: [    2.741787] virtio-pci 0000:00:0e.0: setting latency timer to 64
Jul 11 09:51:54 ubuntu kernel: [    2.742078] Serial: 8250/16550 driver, 32 ports, IRQ sharing enabled
Jul 11 09:51:54 ubuntu kernel: [    2.750610] Linux agpgart interface v0.103
Jul 11 09:51:54 ubuntu kernel: [    2.753256] brd: module loaded
Jul 11 09:51:54 ubuntu kernel: [    2.754917] loop: module loaded
Jul 11 09:51:54 ubuntu kernel: [    2.755079] ata_piix 0000:00:1f.1: version 2.13
Jul 11 09:51:54 ubuntu kernel: [    2.755215] ata_piix 0000:00:1f.1: setting latency timer to 64
Jul 11 09:51:54 ubuntu kernel: [    2.755768] scsi0 : ata_piix
Jul 11 09:51:54 ubuntu kernel: [    2.755990] scsi1 : ata_piix
Jul 11 09:51:54 ubuntu kernel: [    2.756027] ata1: PATA max UDMA/100 cmd 0x1f0 ctl 0x3f6 bmdma 0xe000 irq 14
Jul 11 09:51:54 ubuntu kernel: [    2.756029] ata2: PATA max UDMA/100 cmd 0x170 ctl 0x376 bmdma 0xe008 irq 15
Jul 11 09:51:54 ubuntu kernel: [    2.756285] libphy: Fixed MDIO Bus: probed
Jul 11 09:51:54 ubuntu kernel: [    2.756364] tun: Universal TUN/TAP device driver, 1.6
Jul 11 09:51:54 ubuntu kernel: [    2.756365] tun: (C) 1999-2004 Max Krasnyansky <maxk@qualcomm.com>
Jul 11 09:51:54 ubuntu kernel: [    2.756455] PPP generic driver version 2.4.2
Jul 11 09:51:54 ubuntu kernel: [    2.756523] ehci_hcd: USB 2.0 'Enhanced' Host Controller (EHCI) Driver
Jul 11 09:51:54 ubuntu kernel: [    2.756525] ehci-pci: EHCI PCI platform driver
Jul 11 09:51:54 ubuntu kernel: [    2.756598] ehci-pci 0000:00:1d.7: setting latency timer to 64
Jul 11 09:51:54 ubuntu kernel: [    2.756604] ehci-pci 0000:00:1d.7: EHCI Host Controller
Jul 11 09:51:54 ubuntu kernel: [    2.756611] ehci-pci 0000:00:1d.7: new USB bus registered, assigned bus number 1
Jul 11 09:51:54 ubuntu kernel: [    2.756738] ehci-pci 0000:00:1d.7: Enabling legacy PCI PM
Jul 11 09:51:54 ubuntu kernel: [    2.756765] ehci-pci 0000:00:1d.7: cache line size of 64 is not supported
Jul 11 09:51:54 ubuntu kernel: [    2.756837] ehci-pci 0000:00:1d.7: irq 19, io mem 0xef140000
Jul 11 09:51:54 ubuntu kernel: [    2.759523] ACPI: Battery Slot [BAT0] (battery present)
Jul 11 09:51:54 ubuntu kernel: [    2.769097] ehci-pci 0000:00:1d.7: USB 2.0 started, EHCI 1.00
Jul 11 09:51:54 ubuntu kernel: [    2.769155] usb usb1: New USB device found, idVendor=1d6b, idProduct=0002
Jul 11 09:51:54 ubuntu kernel: [    2.769156] usb usb1: New USB device strings: Mfr=3, Product=2, SerialNumber=1
Jul 11 09:51:54 ubuntu kernel: [    2.769158] usb usb1: Product: EHCI Host Controller
Jul 11 09:51:54 ubuntu kernel: [    2.769159] usb usb1: Manufacturer: Linux 3.8.0-19-generic ehci_hcd
Jul 11 09:51:54 ubuntu kernel: [    2.769160] usb usb1: SerialNumber: 0000:00:1d.7
Jul 11 09:51:54 ubuntu kernel: [    2.769400] hub 1-0:1.0: USB hub found
Jul 11 09:51:54 ubuntu kernel: [    2.769404] hub 1-0:1.0: 15 ports detected
Jul 11 09:51:54 ubuntu kernel: [    2.769587] ehci-platform: EHCI generic platform driver
Jul 11 09:51:54 ubuntu kernel: [    2.769634] ohci_hcd: USB 1.1 'Open' Host Controller (OHCI) Driver
Jul 11 09:51:54 ubuntu kernel: [    2.769645] uhci_hcd: USB Universal Host Controller Interface driver
Jul 11 09:51:54 ubuntu kernel: [    2.769672] uhci_hcd 0000:00:1d.0: setting latency timer to 64
Jul 11 09:51:54 ubuntu kernel: [    2.769676] uhci_hcd 0000:00:1d.0: UHCI Host Controller
Jul 11 09:51:54 ubuntu kernel: [    2.769679] uhci_hcd 0000:00:1d.0: new USB bus registered, assigned bus number 2
Jul 11 09:51:54 ubuntu kernel: [    2.769732] uhci_hcd 0000:00:1d.0: irq 18, io base 0x0000b200
Jul 11 09:51:54 ubuntu kernel: [    2.769786] usb usb2: New USB device found, idVendor=1d6b, idProduct=0001
Jul 11 09:51:54 ubuntu kernel: [    2.769787] usb usb2: New USB device strings: Mfr=3, Product=2, SerialNumber=1
Jul 11 09:51:54 ubuntu kernel: [    2.769788] usb usb2: Product: UHCI Host Controller
Jul 11 09:51:54 ubuntu kernel: [    2.769789] usb usb2: Manufacturer: Linux 3.8.0-19-generic uhci_hcd
Jul 11 09:51:54 ubuntu kernel: [    2.769790] usb usb2: SerialNumber: 0000:00:1d.0
Jul 11 09:51:54 ubuntu kernel: [    2.770016] hub 2-0:1.0: USB hub found
Jul 11 09:51:54 ubuntu kernel: [    2.770019] hub 2-0:1.0: 2 ports detected
Jul 11 09:51:54 ubuntu kernel: [    2.770206] xhci_hcd 0000:00:1d.6: setting latency timer to 64
Jul 11 09:51:54 ubuntu kernel: [    2.770209] xhci_hcd 0000:00:1d.6: xHCI Host Controller
Jul 11 09:51:54 ubuntu kernel: [    2.770213] xhci_hcd 0000:00:1d.6: new USB bus registered, assigned bus number 3
Jul 11 09:51:54 ubuntu kernel: [    2.770443] xhci_hcd 0000:00:1d.6: cache line size of 64 is not supported
Jul 11 09:51:54 ubuntu kernel: [    2.770493] xhci_hcd 0000:00:1d.6: irq 40 for MSI/MSI-X
Jul 11 09:51:54 ubuntu kernel: [    2.770551] usb usb3: New USB device found, idVendor=1d6b, idProduct=0002
Jul 11 09:51:54 ubuntu kernel: [    2.770553] usb usb3: New USB device strings: Mfr=3, Product=2, SerialNumber=1
Jul 11 09:51:54 ubuntu kernel: [    2.770554] usb usb3: Product: xHCI Host Controller
Jul 11 09:51:54 ubuntu kernel: [    2.770555] usb usb3: Manufacturer: Linux 3.8.0-19-generic xhci_hcd
Jul 11 09:51:54 ubuntu kernel: [    2.770556] usb usb3: SerialNumber: 0000:00:1d.6
Jul 11 09:51:54 ubuntu kernel: [    2.770729] xHCI xhci_add_endpoint called for root hub
Jul 11 09:51:54 ubuntu kernel: [    2.770731] xHCI xhci_check_bandwidth called for root hub
Jul 11 09:51:54 ubuntu kernel: [    2.770746] hub 3-0:1.0: USB hub found
Jul 11 09:51:54 ubuntu kernel: [    2.770757] hub 3-0:1.0: 2 ports detected
Jul 11 09:51:54 ubuntu kernel: [    2.770836] xhci_hcd 0000:00:1d.6: xHCI Host Controller
Jul 11 09:51:54 ubuntu kernel: [    2.770839] xhci_hcd 0000:00:1d.6: new USB bus registered, assigned bus number 4
Jul 11 09:51:54 ubuntu kernel: [    2.770908] usb usb4: New USB device found, idVendor=1d6b, idProduct=0003
Jul 11 09:51:54 ubuntu kernel: [    2.770910] usb usb4: New USB device strings: Mfr=3, Product=2, SerialNumber=1
Jul 11 09:51:54 ubuntu kernel: [    2.770911] usb usb4: Product: xHCI Host Controller
Jul 11 09:51:54 ubuntu kernel: [    2.770912] usb usb4: Manufacturer: Linux 3.8.0-19-generic xhci_hcd
Jul 11 09:51:54 ubuntu kernel: [    2.770913] usb usb4: SerialNumber: 0000:00:1d.6
Jul 11 09:51:54 ubuntu kernel: [    2.771064] xHCI xhci_add_endpoint called for root hub
Jul 11 09:51:54 ubuntu kernel: [    2.771065] xHCI xhci_check_bandwidth called for root hub
Jul 11 09:51:54 ubuntu kernel: [    2.771081] hub 4-0:1.0: USB hub found
Jul 11 09:51:54 ubuntu kernel: [    2.771102] hub 4-0:1.0: 12 ports detected
Jul 11 09:51:54 ubuntu kernel: [    2.771325] i8042: PNP: PS/2 Controller [PNP0303:KBC,PNP0f03:PS2M] at 0x60,0x64 irq 1,12
Jul 11 09:51:54 ubuntu kernel: [    2.771822] serio: i8042 KBD port at 0x60,0x64 irq 1
Jul 11 09:51:54 ubuntu kernel: [    2.771831] serio: i8042 AUX port at 0x60,0x64 irq 12
Jul 11 09:51:54 ubuntu kernel: [    2.772140] mousedev: PS/2 mouse device common for all mice
Jul 11 09:51:54 ubuntu kernel: [    2.772451] input: AT Translated Set 2 keyboard as /devices/platform/i8042/serio0/input/input2
Jul 11 09:51:54 ubuntu kernel: [    2.773179] rtc_cmos 00:02: rtc core: registered rtc_cmos as rtc0
Jul 11 09:51:54 ubuntu kernel: [    2.773216] rtc0: alarms up to one day, y3k, 242 bytes nvram
Jul 11 09:51:54 ubuntu kernel: [    2.773285] device-mapper: uevent: version 1.0.3
Jul 11 09:51:54 ubuntu kernel: [    2.773416] device-mapper: ioctl: 4.23.1-ioctl (2012-12-18) initialised: dm-devel@redhat.com
Jul 11 09:51:54 ubuntu kernel: [    2.773423] cpuidle: using governor ladder
Jul 11 09:51:54 ubuntu kernel: [    2.773423] cpuidle: using governor menu
Jul 11 09:51:54 ubuntu kernel: [    2.773441] ledtrig-cpu: registered to indicate activity on CPUs
Jul 11 09:51:54 ubuntu kernel: [    2.773443] EFI Variables Facility v0.08 2004-May-17
Jul 11 09:51:54 ubuntu kernel: [    2.773952] ashmem: initialized
Jul 11 09:51:54 ubuntu kernel: [    2.774155] TCP: cubic registered
Jul 11 09:51:54 ubuntu kernel: [    2.774257] NET: Registered protocol family 10
Jul 11 09:51:54 ubuntu kernel: [    2.774716] NET: Registered protocol family 17
Jul 11 09:51:54 ubuntu kernel: [    2.774729] Key type dns_resolver registered
Jul 11 09:51:54 ubuntu kernel: [    2.775404] Loading module verification certificates
Jul 11 09:51:54 ubuntu kernel: [    2.776124] MODSIGN: Loaded cert 'Magrathea: Glacier signing key: d490763cc418e29de79f40a5aa7d97747ec8882c'
Jul 11 09:51:54 ubuntu kernel: [    2.776136] registered taskstats version 1
Jul 11 09:51:54 ubuntu kernel: [    2.780043] Key type trusted registered
Jul 11 09:51:54 ubuntu kernel: [    2.782448] Key type encrypted registered
Jul 11 09:51:54 ubuntu kernel: [    2.785622] rtc_cmos 00:02: setting system clock to 2013-07-11 13:51:51 UTC (1373550711)
Jul 11 09:51:54 ubuntu kernel: [    2.785795] BIOS EDD facility v0.16 2004-Jun-25, 0 devices found
Jul 11 09:51:54 ubuntu kernel: [    2.785796] EDD information not available.
Jul 11 09:51:54 ubuntu kernel: [    2.914464] Freeing unused kernel memory: 992k freed
Jul 11 09:51:54 ubuntu kernel: [    2.914688] Write protecting the kernel read-only data: 12288k
Jul 11 09:51:54 ubuntu kernel: [    2.917261] Freeing unused kernel memory: 1176k freed
Jul 11 09:51:54 ubuntu kernel: [    2.919740] Freeing unused kernel memory: 1080k freed
Jul 11 09:51:54 ubuntu kernel: [    2.966099] Disabling lock debugging due to kernel taint
Jul 11 09:51:54 ubuntu kernel: [    2.967116] e1000: Intel(R) PRO/1000 Network Driver - version 7.3.21-k8-NAPI
Jul 11 09:51:54 ubuntu kernel: [    2.967118] e1000: Copyright (c) 1999-2006 Intel Corporation.
Jul 11 09:51:54 ubuntu kernel: [    2.967192] e1000 0000:00:05.0: setting latency timer to 64
Jul 11 09:51:54 ubuntu kernel: [    3.080919] usb 1-1: new high-speed USB device number 2 using ehci-pci
Jul 11 09:51:54 ubuntu kernel: [    3.217373] usb 1-1: New USB device found, idVendor=203a, idProduct=fff9
Jul 11 09:51:54 ubuntu kernel: [    3.217376] usb 1-1: New USB device strings: Mfr=1, Product=2, SerialNumber=3
Jul 11 09:51:54 ubuntu kernel: [    3.217378] usb 1-1: Product: Virtual USB Video Camera
Jul 11 09:51:54 ubuntu kernel: [    3.217379] usb 1-1: Manufacturer: Parallels
Jul 11 09:51:54 ubuntu kernel: [    3.217380] usb 1-1: SerialNumber: 0x4015000005ac1112
Jul 11 09:51:54 ubuntu kernel: [    3.269969] e1000 0000:00:05.0 eth0: (PCI:33MHz:32-bit) 00:1c:42:c8:6f:66
Jul 11 09:51:54 ubuntu kernel: [    3.269979] e1000 0000:00:05.0 eth0: Intel(R) PRO/1000 Network Connection
Jul 11 09:51:54 ubuntu kernel: [    3.270079] ahci 0000:00:1f.2: version 3.0
Jul 11 09:51:54 ubuntu kernel: [    3.270097] ahci 0000:00:1f.2: enabling device (0002 -> 0003)
Jul 11 09:51:54 ubuntu kernel: [    3.270168] ahci 0000:00:1f.2: irq 41 for MSI/MSI-X
Jul 11 09:51:54 ubuntu kernel: [    3.270386] ahci: SSS flag set, parallel bus scan disabled
Jul 11 09:51:54 ubuntu kernel: [    3.270442] ahci 0000:00:1f.2: AHCI 0001.0100 32 slots 6 ports 3 Gbps 0x3f impl SATA mode
Jul 11 09:51:54 ubuntu kernel: [    3.270444] ahci 0000:00:1f.2: flags: 64bit ncq stag pm led only slum part 
Jul 11 09:51:54 ubuntu kernel: [    3.270452] ahci 0000:00:1f.2: setting latency timer to 64
Jul 11 09:51:54 ubuntu kernel: [    3.272874] scsi2 : ahci
Jul 11 09:51:54 ubuntu kernel: [    3.273054] scsi3 : ahci
Jul 11 09:51:54 ubuntu kernel: [    3.273264] scsi4 : ahci
Jul 11 09:51:54 ubuntu kernel: [    3.273460] scsi5 : ahci
Jul 11 09:51:54 ubuntu kernel: [    3.273608] scsi6 : ahci
Jul 11 09:51:54 ubuntu kernel: [    3.273782] scsi7 : ahci
Jul 11 09:51:54 ubuntu kernel: [    3.273882] ata3: SATA max UDMA/133 abar m8192@0xf0200000 port 0xf0200100 irq 41
Jul 11 09:51:54 ubuntu kernel: [    3.273884] ata4: SATA max UDMA/133 abar m8192@0xf0200000 port 0xf0200180 irq 41
Jul 11 09:51:54 ubuntu kernel: [    3.273886] ata5: SATA max UDMA/133 abar m8192@0xf0200000 port 0xf0200200 irq 41
Jul 11 09:51:54 ubuntu kernel: [    3.273887] ata6: SATA max UDMA/133 abar m8192@0xf0200000 port 0xf0200280 irq 41
Jul 11 09:51:54 ubuntu kernel: [    3.273889] ata7: SATA max UDMA/133 abar m8192@0xf0200000 port 0xf0200300 irq 41
Jul 11 09:51:54 ubuntu kernel: [    3.273890] ata8: SATA max UDMA/133 abar m8192@0xf0200000 port 0xf0200380 irq 41
Jul 11 09:51:54 ubuntu kernel: [    3.329608] usb 1-2: new high-speed USB device number 3 using ehci-pci
Jul 11 09:51:54 ubuntu kernel: [    3.461868] usb 1-2: New USB device found, idVendor=203a, idProduct=fff9
Jul 11 09:51:54 ubuntu kernel: [    3.461873] usb 1-2: New USB device strings: Mfr=1, Product=2, SerialNumber=3
Jul 11 09:51:54 ubuntu kernel: [    3.461875] usb 1-2: Product: Virtual USB Video Camera
Jul 11 09:51:54 ubuntu kernel: [    3.461877] usb 1-2: Manufacturer: Parallels
Jul 11 09:51:54 ubuntu kernel: [    3.461878] usb 1-2: SerialNumber: 0x1a11000005ac8510
Jul 11 09:51:54 ubuntu kernel: [    3.593188] ata3: SATA link up 1.5 Gbps (SStatus 113 SControl 300)
Jul 11 09:51:54 ubuntu kernel: [    3.593340] ata3.00: ATA-8: Ubuntu_13_04_Desktop-0 SSD, F.WDK31C, max UDMA/100
Jul 11 09:51:54 ubuntu kernel: [    3.593343] ata3.00: 33554432 sectors, multi 0: LBA48 NCQ (depth 31/32)
Jul 11 09:51:54 ubuntu kernel: [    3.593531] ata3.00: configured for UDMA/100
Jul 11 09:51:54 ubuntu kernel: [    3.594033] scsi 2:0:0:0: Direct-Access     ATA      Ubuntu_13_04_Des F.WD PQ: 0 ANSI: 5
Jul 11 09:51:54 ubuntu kernel: [    3.594282] sd 2:0:0:0: [sda] 33554432 512-byte logical blocks: (17.1 GB/16.0 GiB)
Jul 11 09:51:54 ubuntu kernel: [    3.594328] sd 2:0:0:0: Attached scsi generic sg0 type 0
Jul 11 09:51:54 ubuntu kernel: [    3.594335] sd 2:0:0:0: [sda] Write Protect is off
Jul 11 09:51:54 ubuntu kernel: [    3.594338] sd 2:0:0:0: [sda] Mode Sense: 00 3a 00 00
Jul 11 09:51:54 ubuntu kernel: [    3.594357] sd 2:0:0:0: [sda] Write cache: enabled, read cache: enabled, doesn't support DPO or FUA
Jul 11 09:51:54 ubuntu kernel: [    3.595296]  sda: sda1 sda2 < sda5 >
Jul 11 09:51:54 ubuntu kernel: [    3.596049] sd 2:0:0:0: [sda] Attached SCSI disk
Jul 11 09:51:54 ubuntu kernel: [    3.705251] tsc: Refined TSC clocksource calibration: 2294.772 MHz
Jul 11 09:51:54 ubuntu kernel: [    3.914077] ata4: SATA link up 1.5 Gbps (SStatus 113 SControl 300)
Jul 11 09:51:54 ubuntu kernel: [    3.914273] ata4.00: ATAPI: Virtual DVD-ROM [1], FWR10003, max UDMA/25
Jul 11 09:51:54 ubuntu kernel: [    3.914501] ata4.00: configured for UDMA/25
Jul 11 09:51:54 ubuntu kernel: [    3.914855] scsi 3:0:0:0: CD-ROM                     Virtual DVD-ROM  R103 PQ: 0 ANSI: 5
Jul 11 09:51:54 ubuntu kernel: [    3.915417] sr0: scsi3-mmc drive: 44x/44x cd/rw xa/form2 cdda tray
Jul 11 09:51:54 ubuntu kernel: [    3.915423] cdrom: Uniform CD-ROM driver Revision: 3.20
Jul 11 09:51:54 ubuntu kernel: [    3.915674] sr 3:0:0:0: Attached scsi CD-ROM sr0
Jul 11 09:51:54 ubuntu kernel: [    3.915908] sr 3:0:0:0: Attached scsi generic sg1 type 5
Jul 11 09:51:54 ubuntu kernel: [    4.233901] ata5: SATA link down (SStatus 0 SControl 300)
Jul 11 09:51:54 ubuntu kernel: [    4.553943] ata6: SATA link down (SStatus 0 SControl 300)
Jul 11 09:51:54 ubuntu kernel: [    4.873943] ata7: SATA link down (SStatus 0 SControl 300)
Jul 11 09:51:54 ubuntu kernel: [    5.193920] ata8: SATA link down (SStatus 0 SControl 300)
Jul 11 09:51:54 ubuntu kernel: [    5.230035] EXT4-fs (sda1): mounted filesystem with ordered data mode. Opts: (null)
Jul 11 09:51:54 ubuntu kernel: [    5.415029] Adding 4192252k swap on /dev/sda5.  Priority:-1 extents:1 across:4192252k SS
Jul 11 09:51:54 ubuntu kernel: [    5.438859] EXT4-fs (sda1): re-mounted. Opts: errors=remount-ro
Jul 11 09:51:54 ubuntu kernel: [    5.477499] IPv6: ADDRCONF(NETDEV_UP): eth0: link is not ready
Jul 11 09:51:54 ubuntu kernel: [    5.549383] lp: driver loaded but no devices found
Jul 11 09:51:54 ubuntu kernel: [    5.590167] shpchp: Standard Hot Plug PCI Controller Driver version: 0.4
Jul 11 09:51:54 ubuntu kernel: [    5.605825] lpc_ich 0000:00:1f.0: RCBA is disabled by hardware/BIOS, device disabled
Jul 11 09:51:54 ubuntu kernel: [    5.605832] ACPI Warning: 0x0000000000004028-0x000000000000402f SystemIO conflicts with Region \PMIO 1 (20121018/utaddress-251)
Jul 11 09:51:54 ubuntu kernel: [    5.605841] ACPI: If an ACPI driver is available for this device, you should use it instead of the native driver
Jul 11 09:51:54 ubuntu kernel: [    5.605844] lpc_ich 0000:00:1f.0: I/O space for GPIO uninitialized
Jul 11 09:51:54 ubuntu kernel: [    5.605845] lpc_ich: Resource conflict(s) found affecting gpio_ich
Jul 11 09:51:54 ubuntu kernel: [    5.605846] lpc_ich 0000:00:1f.0: No MFD cells added
Jul 11 09:51:54 ubuntu bluetoothd[543]: Bluetooth daemon 4.101
Jul 11 09:51:54 ubuntu bluetoothd[543]: Starting SDP server
Jul 11 09:51:54 ubuntu avahi-daemon[555]: Found user 'avahi' (UID 111) and group 'avahi' (GID 118).
Jul 11 09:51:54 ubuntu avahi-daemon[555]: Successfully dropped root privileges.
Jul 11 09:51:54 ubuntu avahi-daemon[555]: avahi-daemon 0.6.31 starting up.
Jul 11 09:51:54 ubuntu avahi-daemon[555]: Successfully called chroot().
Jul 11 09:51:54 ubuntu avahi-daemon[555]: Successfully dropped remaining capabilities.
Jul 11 09:51:54 ubuntu avahi-daemon[555]: Loading service file /services/udisks.service.
Jul 11 09:51:54 ubuntu avahi-daemon[555]: Network interface enumeration completed.
Jul 11 09:51:54 ubuntu avahi-daemon[555]: Registering HINFO record with values 'X86_64'/'LINUX'.
Jul 11 09:51:54 ubuntu avahi-daemon[555]: Server startup complete. Host name is ubuntu.local. Local service cookie is 3365838034.
Jul 11 09:51:54 ubuntu avahi-daemon[555]: Service "ubuntu" (/services/udisks.service) successfully established.
Jul 11 09:51:54 ubuntu kernel: [    5.637147] Bluetooth: Core ver 2.16
Jul 11 09:51:54 ubuntu kernel: [    5.637171] NET: Registered protocol family 31
Jul 11 09:51:54 ubuntu kernel: [    5.637173] Bluetooth: HCI device and connection manager initialized
Jul 11 09:51:54 ubuntu kernel: [    5.637181] Bluetooth: HCI socket layer initialized
Jul 11 09:51:54 ubuntu kernel: [    5.637183] Bluetooth: L2CAP socket layer initialized
Jul 11 09:51:54 ubuntu kernel: [    5.637190] Bluetooth: SCO socket layer initialized
Jul 11 09:51:54 ubuntu kernel: [    5.643192] ppdev: user-space parallel port driver
Jul 11 09:51:54 ubuntu bluetoothd[543]: DIS cannot start: GATT is disabled
Jul 11 09:51:54 ubuntu bluetoothd[543]: Failed to init deviceinfo plugin
Jul 11 09:51:54 ubuntu bluetoothd[543]: Failed to init proximity plugin
Jul 11 09:51:54 ubuntu bluetoothd[543]: Failed to init time plugin
Jul 11 09:51:54 ubuntu bluetoothd[543]: Failed to init alert plugin
Jul 11 09:51:54 ubuntu bluetoothd[543]: Failed to init thermometer plugin
Jul 11 09:51:54 ubuntu kernel: [    5.647604] Bluetooth: RFCOMM TTY layer initialized
Jul 11 09:51:54 ubuntu kernel: [    5.647616] Bluetooth: RFCOMM socket layer initialized
Jul 11 09:51:54 ubuntu kernel: [    5.647618] Bluetooth: RFCOMM ver 1.11
Jul 11 09:51:54 ubuntu mtp-probe: checking bus 1, device 2: "/sys/devices/pci0000:00/0000:00:1d.7/usb1/1-1"
Jul 11 09:51:54 ubuntu bluetoothd[543]: Failed to init gatt_example plugin
Jul 11 09:51:54 ubuntu bluetoothd[543]: Bluetooth Management interface initialized
Jul 11 09:51:54 ubuntu kernel: [    5.653098] Bluetooth: BNEP (Ethernet Emulation) ver 1.3
Jul 11 09:51:54 ubuntu kernel: [    5.653108] Bluetooth: BNEP filters: protocol multicast
Jul 11 09:51:54 ubuntu kernel: [    5.653122] Bluetooth: BNEP socket layer initialized
Jul 11 09:51:54 ubuntu mtp-probe: bus: 1, device: 2 was not an MTP device
Jul 11 09:51:54 ubuntu mtp-probe: checking bus 1, device 3: "/sys/devices/pci0000:00/0000:00:1d.7/usb1/1-2"
Jul 11 09:51:54 ubuntu mtp-probe: bus: 1, device: 3 was not an MTP device
Jul 11 09:51:54 ubuntu kernel: [    5.664046] type=1400 audit(1373550714.372:2): apparmor="STATUS" operation="profile_load" name="/sbin/dhclient" pid=571 comm="apparmor_parser"
Jul 11 09:51:54 ubuntu kernel: [    5.664329] type=1400 audit(1373550714.372:3): apparmor="STATUS" operation="profile_load" name="/usr/lib/NetworkManager/nm-dhcp-client.action" pid=571 comm="apparmor_parser"
Jul 11 09:51:54 ubuntu kernel: [    5.664505] type=1400 audit(1373550714.372:4): apparmor="STATUS" operation="profile_load" name="/usr/lib/connman/scripts/dhclient-script" pid=571 comm="apparmor_parser"
Jul 11 09:51:54 ubuntu kernel: [    5.668326] type=1400 audit(1373550714.376:5): apparmor="STATUS" operation="profile_load" name="/usr/lib/cups/backend/cups-pdf" pid=584 comm="apparmor_parser"
Jul 11 09:51:54 ubuntu kernel: [    5.668639] type=1400 audit(1373550714.376:6): apparmor="STATUS" operation="profile_load" name="/usr/sbin/cupsd" pid=584 comm="apparmor_parser"
Jul 11 09:51:54 ubuntu kernel: [    5.767411] Linux video capture interface: v2.00
Jul 11 09:51:54 ubuntu kernel: [    5.792896] intel8x0: enable Parallels VM optimization
Jul 11 09:51:54 ubuntu kernel: [    5.792918] snd_intel8x0 0000:00:1f.4: setting latency timer to 64
Jul 11 09:51:54 ubuntu kernel: [    5.854698] microcode: CPU0 sig=0x306a9, pf=0x1, revision=0x0
Jul 11 09:51:54 ubuntu failsafe: Failsafe of 120 seconds reached.
Jul 11 09:51:54 ubuntu kernel: [    5.876020] uvcvideo: Found UVC 1.00 device Virtual USB Video Camera (203a:fff9)
Jul 11 09:51:54 ubuntu kernel: [    5.884691] uvcvideo: UVC non compliance - GET_DEF(PROBE) not supported. Enabling workaround.
Jul 11 09:51:54 ubuntu kernel: [    5.892417] uvcvideo: Found UVC 1.00 device Virtual USB Video Camera (203a:fff9)
Jul 11 09:51:54 ubuntu kernel: [    5.895072] uvcvideo: UVC non compliance - GET_DEF(PROBE) not supported. Enabling workaround.
Jul 11 09:51:54 ubuntu kernel: [    5.896293] usbcore: registered new interface driver uvcvideo
Jul 11 09:51:54 ubuntu kernel: [    5.896296] USB Video Class driver (1.1.1)
Jul 11 09:51:54 ubuntu kernel: [    5.898544] microcode: CPU1 sig=0x306a9, pf=0x1, revision=0x0
Jul 11 09:51:54 ubuntu kernel: [    5.915675] microcode: CPU2 sig=0x306a9, pf=0x1, revision=0x0
Jul 11 09:51:54 ubuntu kernel: [    5.929405] microcode: CPU3 sig=0x306a9, pf=0x1, revision=0x0
Jul 11 09:51:54 ubuntu kernel: [    5.932996] microcode: Microcode Update Driver: v2.00 <tigran@aivazian.fsnet.co.uk>, Peter Oruba
Jul 11 09:51:54 ubuntu modem-manager[803]: <info>  ModemManager (version 0.6.0.0) starting...
Jul 11 09:51:54 ubuntu kernel: [    5.986745] type=1400 audit(1373550714.696:7): apparmor="STATUS" operation="profile_replace" name="/sbin/dhclient" pid=875 comm="apparmor_parser"
Jul 11 09:51:54 ubuntu kernel: [    5.988015] type=1400 audit(1373550714.696:8): apparmor="STATUS" operation="profile_replace" name="/usr/lib/NetworkManager/nm-dhcp-client.action" pid=875 comm="apparmor_parser"
Jul 11 09:51:54 ubuntu kernel: [    5.988441] type=1400 audit(1373550714.696:9): apparmor="STATUS" operation="profile_replace" name="/usr/lib/connman/scripts/dhclient-script" pid=875 comm="apparmor_parser"
Jul 11 09:51:54 ubuntu kernel: [    5.992518] type=1400 audit(1373550714.700:10): apparmor="STATUS" operation="profile_load" name="/usr/lib/x86_64-linux-gnu/lightdm-remote-session-uccsconfigure/uccsconfigure-session-wrapper" pid=874 comm="apparmor_parser"
Jul 11 09:51:54 ubuntu modem-manager[803]: <info>  Loaded plugin 'Ericsson MBM'
Jul 11 09:51:54 ubuntu modem-manager[803]: <info>  Loaded plugin 'Samsung'
Jul 11 09:51:54 ubuntu modem-manager[803]: <info>  Loaded plugin 'Option'
Jul 11 09:51:54 ubuntu modem-manager[803]: <info>  Loaded plugin 'AnyData'
Jul 11 09:51:54 ubuntu modem-manager[803]: <info>  Loaded plugin 'Linktop'
Jul 11 09:51:54 ubuntu modem-manager[803]: <info>  Loaded plugin 'Gobi'
Jul 11 09:51:54 ubuntu modem-manager[803]: <info>  Loaded plugin 'Wavecom'
Jul 11 09:51:54 ubuntu modem-manager[803]: <info>  Loaded plugin 'Novatel'
Jul 11 09:51:54 ubuntu modem-manager[803]: <info>  Loaded plugin 'Nokia'
Jul 11 09:51:54 ubuntu modem-manager[803]: <info>  Loaded plugin 'MotoC'
Jul 11 09:51:54 ubuntu modem-manager[803]: <info>  Loaded plugin 'Longcheer'
Jul 11 09:51:54 ubuntu modem-manager[803]: <info>  Loaded plugin 'ZTE'
Jul 11 09:51:54 ubuntu modem-manager[803]: <info>  Loaded plugin 'Huawei'
Jul 11 09:51:54 ubuntu modem-manager[803]: <info>  Loaded plugin 'SimTech'
Jul 11 09:51:54 ubuntu modem-manager[803]: <info>  Loaded plugin 'Sierra'
Jul 11 09:51:54 ubuntu modem-manager[803]: <info>  Loaded plugin 'X22X'
Jul 11 09:51:54 ubuntu modem-manager[803]: <info>  Loaded plugin 'Option High-Speed'
Jul 11 09:51:54 ubuntu modem-manager[803]: <info>  Loaded plugin 'Iridium'
Jul 11 09:51:54 ubuntu modem-manager[803]: <info>  Loaded plugin 'Cinterion'
Jul 11 09:51:54 ubuntu modem-manager[803]: <info>  Loaded plugin 'Generic'
Jul 11 09:51:54 ubuntu modem-manager[803]: <info>  Successfully loaded 20 plugins
Jul 11 09:51:54 ubuntu NetworkManager[887]: <info> NetworkManager (version 0.9.8.0) is starting...
Jul 11 09:51:54 ubuntu NetworkManager[887]: <info> Read config file /etc/NetworkManager/NetworkManager.conf
Jul 11 09:51:54 ubuntu NetworkManager[887]: <info> WEXT support is enabled
Jul 11 09:51:54 ubuntu NetworkManager[887]: <info> VPN: loaded org.freedesktop.NetworkManager.pptp
Jul 11 09:51:54 ubuntu NetworkManager[887]: <info> DNS: loaded plugin dnsmasq
Jul 11 09:51:54 ubuntu dbus[501]: [system] Activating service name='org.freedesktop.PolicyKit1' (using servicehelper)
Jul 11 09:51:54 ubuntu polkitd[921]: started daemon version 0.105 using authority implementation `local' version `0.105'
Jul 11 09:51:54 ubuntu dbus[501]: [system] Successfully activated service 'org.freedesktop.PolicyKit1'
Jul 11 09:51:54 ubuntu NetworkManager[887]:    SCPlugin-Ifupdown: init!
Jul 11 09:51:54 ubuntu NetworkManager[887]:    SCPlugin-Ifupdown: update_system_hostname
Jul 11 09:51:54 ubuntu NetworkManager[887]:    SCPluginIfupdown: management mode: unmanaged
Jul 11 09:51:54 ubuntu NetworkManager[887]:    SCPlugin-Ifupdown: devices added (path: /sys/devices/pci0000:00/0000:00:05.0/net/eth0, iface: eth0)
Jul 11 09:51:54 ubuntu NetworkManager[887]:    SCPlugin-Ifupdown: device added (path: /sys/devices/pci0000:00/0000:00:05.0/net/eth0, iface: eth0): no ifupdown configuration found.
Jul 11 09:51:54 ubuntu NetworkManager[887]:    SCPlugin-Ifupdown: devices added (path: /sys/devices/virtual/net/lo, iface: lo)
Jul 11 09:51:54 ubuntu NetworkManager[887]:    SCPlugin-Ifupdown: device added (path: /sys/devices/virtual/net/lo, iface: lo): no ifupdown configuration found.
Jul 11 09:51:54 ubuntu NetworkManager[887]:    SCPlugin-Ifupdown: end _init.
Jul 11 09:51:54 ubuntu NetworkManager[887]: <info> Loaded plugin ifupdown: (C) 2008 Canonical Ltd.  To report bugs please use the NetworkManager mailing list.
Jul 11 09:51:54 ubuntu NetworkManager[887]: <info> Loaded plugin keyfile: (c) 2007 - 2010 Red Hat, Inc.  To report bugs please use the NetworkManager mailing list.
Jul 11 09:51:54 ubuntu NetworkManager[887]:    Ifupdown: get unmanaged devices count: 0
Jul 11 09:51:54 ubuntu NetworkManager[887]:    SCPlugin-Ifupdown: (23824560) ... get_connections.
Jul 11 09:51:54 ubuntu NetworkManager[887]:    SCPlugin-Ifupdown: (23824560) ... get_connections (managed=false): return empty list.
Jul 11 09:51:54 ubuntu NetworkManager[887]:    Ifupdown: get unmanaged devices count: 0
Jul 11 09:51:54 ubuntu NetworkManager[887]: <info> modem-manager is now available
Jul 11 09:51:54 ubuntu NetworkManager[887]: <info> monitoring kernel firmware directory '/lib/firmware'.
Jul 11 09:51:54 ubuntu NetworkManager[887]: <info> WiFi hardware radio set enabled
Jul 11 09:51:54 ubuntu NetworkManager[887]: <info> WiFi enabled by radio killswitch; enabled by state file
Jul 11 09:51:54 ubuntu NetworkManager[887]: <info> WWAN enabled by radio killswitch; enabled by state file
Jul 11 09:51:54 ubuntu NetworkManager[887]: <info> WiMAX enabled by radio killswitch; enabled by state file
Jul 11 09:51:54 ubuntu NetworkManager[887]: <info> Networking is enabled by state file
Jul 11 09:51:54 ubuntu NetworkManager[887]: <warn> failed to allocate link cache: (-10) Operation not supported
Jul 11 09:51:54 ubuntu NetworkManager[887]: <info> (eth0): carrier is OFF
Jul 11 09:51:54 ubuntu NetworkManager[887]: <info> (eth0): new Ethernet device (driver: 'e1000' ifindex: 2)
Jul 11 09:51:54 ubuntu NetworkManager[887]: <info> (eth0): exported as /org/freedesktop/NetworkManager/Devices/0
Jul 11 09:51:54 ubuntu NetworkManager[887]: <info> (eth0): device state change: unmanaged -> unavailable (reason 'managed') [10 20 2]
Jul 11 09:51:54 ubuntu NetworkManager[887]: <info> (eth0): bringing up device.
Jul 11 09:51:54 ubuntu NetworkManager[887]: <info> (eth0): preparing device.
Jul 11 09:51:54 ubuntu NetworkManager[887]: <info> (eth0): deactivating device (reason 'managed') [2]
Jul 11 09:51:54 ubuntu NetworkManager[887]: <info> Added default wired connection 'Wired connection 1' for /sys/devices/pci0000:00/0000:00:05.0/net/eth0
Jul 11 09:51:54 ubuntu NetworkManager[887]: <warn> /sys/devices/virtual/net/lo: couldn't determine device driver; ignoring...
Jul 11 09:51:54 ubuntu NetworkManager[887]: <warn> /sys/devices/virtual/net/lo: couldn't determine device driver; ignoring...
Jul 11 09:51:54 ubuntu kernel: [    6.094125] IPv6: ADDRCONF(NETDEV_UP): eth0: link is not ready
Jul 11 09:51:54 ubuntu kernel: [    6.094536] IPv6: ADDRCONF(NETDEV_UP): eth0: link is not ready
Jul 11 09:51:54 ubuntu NetworkManager[887]: <info> (eth0): carrier now ON (device state 20)
Jul 11 09:51:54 ubuntu NetworkManager[887]: <info> (eth0): device state change: unavailable -> disconnected (reason 'carrier-changed') [20 30 40]
Jul 11 09:51:54 ubuntu NetworkManager[887]: <info> Auto-activating connection 'Wired connection 1'.
Jul 11 09:51:54 ubuntu NetworkManager[887]: <info> Activation (eth0) starting connection 'Wired connection 1'
Jul 11 09:51:54 ubuntu NetworkManager[887]: <info> (eth0): device state change: disconnected -> prepare (reason 'none') [30 40 0]
Jul 11 09:51:54 ubuntu NetworkManager[887]: <info> Activation (eth0) Stage 1 of 5 (Device Prepare) scheduled...
Jul 11 09:51:54 ubuntu NetworkManager[887]: <info> Activation (eth0) Stage 1 of 5 (Device Prepare) started...
Jul 11 09:51:54 ubuntu NetworkManager[887]: <info> Activation (eth0) Stage 2 of 5 (Device Configure) scheduled...
Jul 11 09:51:54 ubuntu NetworkManager[887]: <info> Activation (eth0) Stage 1 of 5 (Device Prepare) complete.
Jul 11 09:51:54 ubuntu NetworkManager[887]: <info> Activation (eth0) Stage 2 of 5 (Device Configure) starting...
Jul 11 09:51:54 ubuntu NetworkManager[887]: <info> (eth0): device state change: prepare -> config (reason 'none') [40 50 0]
Jul 11 09:51:54 ubuntu NetworkManager[887]: <info> Activation (eth0) Stage 2 of 5 (Device Configure) successful.
Jul 11 09:51:54 ubuntu NetworkManager[887]: <info> Activation (eth0) Stage 3 of 5 (IP Configure Start) scheduled.
Jul 11 09:51:54 ubuntu NetworkManager[887]: <info> Activation (eth0) Stage 2 of 5 (Device Configure) complete.
Jul 11 09:51:54 ubuntu NetworkManager[887]: <info> Activation (eth0) Stage 3 of 5 (IP Configure Start) started...
Jul 11 09:51:54 ubuntu NetworkManager[887]: <info> (eth0): device state change: config -> ip-config (reason 'none') [50 70 0]
Jul 11 09:51:54 ubuntu NetworkManager[887]: <info> Activation (eth0) Beginning DHCPv4 transaction (timeout in 45 seconds)
Jul 11 09:51:54 ubuntu kernel: [    6.109498] e1000: eth0 NIC Link is Up 1000 Mbps Full Duplex, Flow Control: RX
Jul 11 09:51:54 ubuntu kernel: [    6.109782] IPv6: ADDRCONF(NETDEV_CHANGE): eth0: link becomes ready
Jul 11 09:51:54 ubuntu NetworkManager[887]: <info> dhclient started with pid 970
Jul 11 09:51:54 ubuntu NetworkManager[887]: <info> Activation (eth0) Beginning IP6 addrconf.
Jul 11 09:51:54 ubuntu NetworkManager[887]: <info> Activation (eth0) Stage 3 of 5 (IP Configure Start) complete.
Jul 11 09:51:54 ubuntu anacron[985]: Anacron 2.3 started on 2013-07-11
Jul 11 09:51:54 ubuntu cron[951]: (CRON) INFO (pidfile fd = 3)
Jul 11 09:51:54 ubuntu anacron[985]: Will run job `cron.daily' in 5 min.
Jul 11 09:51:54 ubuntu anacron[985]: Will run job `cron.weekly' in 10 min.
Jul 11 09:51:54 ubuntu anacron[985]: Will run job `cron.monthly' in 15 min.
Jul 11 09:51:54 ubuntu anacron[985]: Jobs will be executed sequentially
Jul 11 09:51:54 ubuntu acpid: starting up with proc fs
Jul 11 09:51:54 ubuntu cron[991]: (CRON) STARTUP (fork ok)
Jul 11 09:51:54 ubuntu cron[991]: (CRON) INFO (Running @reboot jobs)
Jul 11 09:51:54 ubuntu dhclient: Internet Systems Consortium DHCP Client 4.2.4
Jul 11 09:51:54 ubuntu dhclient: Copyright 2004-2012 Internet Systems Consortium.
Jul 11 09:51:54 ubuntu dhclient: All rights reserved.
Jul 11 09:51:54 ubuntu dhclient: For info, please visit https://www.isc.org/software/dhcp/
Jul 11 09:51:54 ubuntu dhclient: 
Jul 11 09:51:54 ubuntu acpid: 33 rules loaded
Jul 11 09:51:54 ubuntu acpid: waiting for events: event logging is off
Jul 11 09:51:54 ubuntu NetworkManager[887]: <info> (eth0): DHCPv4 state changed nbi -> preinit
Jul 11 09:51:54 ubuntu ntpdate[1035]: Can't find host ntp.ubuntu.com: System error (-11)
Jul 11 09:51:54 ubuntu ntpdate[1035]: no servers can be used, exiting
Jul 11 09:51:54 ubuntu dhclient: Listening on LPF/eth0/00:1c:42:c8:6f:66
Jul 11 09:51:54 ubuntu dhclient: Sending on   LPF/eth0/00:1c:42:c8:6f:66
Jul 11 09:51:54 ubuntu dhclient: Sending on   Socket/fallback
Jul 11 09:51:54 ubuntu dhclient: DHCPDISCOVER on eth0 to 255.255.255.255 port 67 interval 3 (xid=0x295c1a67)
Jul 11 09:51:55 ubuntu kernel: [    6.777325] input: ImExPS/2 Generic Explorer Mouse as /devices/platform/i8042/serio1/input/input3
Jul 11 09:51:55 ubuntu kernel: [    6.780364] intel8x0_measure_ac97_clock: measured 54327 usecs (3945 samples)
Jul 11 09:51:55 ubuntu kernel: [    6.780366] intel8x0: measured clock 72615 rejected
Jul 11 09:51:55 ubuntu avahi-daemon[555]: Joining mDNS multicast group on interface eth0.IPv6 with address fe80::21c:42ff:fec8:6f66.
Jul 11 09:51:55 ubuntu avahi-daemon[555]: New relevant interface eth0.IPv6 for mDNS.
Jul 11 09:51:55 ubuntu avahi-daemon[555]: Registering new address record for fe80::21c:42ff:fec8:6f66 on eth0.*.
Jul 11 09:51:55 ubuntu kernel: [    7.194147] intel8x0_measure_ac97_clock: measured 55930 usecs (2685 samples)
Jul 11 09:51:55 ubuntu kernel: [    7.194150] intel8x0: clocking to 48000
Jul 11 09:51:55 ubuntu kernel: [    7.268720] vesafb: mode is 800x600x32, linelength=3200, pages=0
Jul 11 09:51:55 ubuntu kernel: [    7.268722] vesafb: scrolling: redraw
Jul 11 09:51:55 ubuntu kernel: [    7.268724] vesafb: Truecolor: size=8:8:8:8, shift=24:16:8:0
Jul 11 09:51:55 ubuntu kernel: [    7.274572] vesafb: framebuffer at 0xb0000000, mapped to 0xffffc90000a00000, using 1920k, total 1920k
Jul 11 09:51:55 ubuntu kernel: [    7.275408] Console: switching to colour frame buffer device 100x37
Jul 11 09:51:55 ubuntu kernel: [    7.277693] fb0: VESA VGA frame buffer device
Jul 11 09:51:56 ubuntu acpid: client connected from 1187[0:0]
Jul 11 09:51:56 ubuntu acpid: 1 client rule loaded
Jul 11 09:51:56 ubuntu dbus[501]: [system] Activating service name='org.freedesktop.Accounts' (using servicehelper)
Jul 11 09:51:56 ubuntu accounts-daemon[1200]: started daemon version 0.6.29
Jul 11 09:51:56 ubuntu dbus[501]: [system] Successfully activated service 'org.freedesktop.Accounts'
Jul 11 09:51:56 ubuntu dbus[501]: [system] Activating service name='org.freedesktop.ConsoleKit' (using servicehelper)
Jul 11 09:51:56 ubuntu dbus[501]: [system] Successfully activated service 'org.freedesktop.ConsoleKit'
Jul 11 09:51:56 ubuntu dhclient: DHCPREQUEST of 10.211.55.10 on eth0 to 255.255.255.255 port 67 (xid=0x295c1a67)
Jul 11 09:51:56 ubuntu dhclient: DHCPOFFER of 10.211.55.10 from 10.211.55.1
Jul 11 09:51:56 ubuntu dhclient: DHCPACK of 10.211.55.10 from 10.211.55.1
Jul 11 09:51:56 ubuntu dhclient: bound to 10.211.55.10 -- renewal in 740 seconds.
Jul 11 09:51:56 ubuntu NetworkManager[887]: <info> (eth0): DHCPv4 state changed preinit -> bound
Jul 11 09:51:56 ubuntu NetworkManager[887]: <info>   address 10.211.55.10
Jul 11 09:51:56 ubuntu NetworkManager[887]: <info>   prefix 24 (255.255.255.0)
Jul 11 09:51:56 ubuntu NetworkManager[887]: <info>   gateway 10.211.55.1
Jul 11 09:51:56 ubuntu NetworkManager[887]: <info>   nameserver '10.211.55.1'
Jul 11 09:51:56 ubuntu NetworkManager[887]: <info>   domain name 'localdomain'
Jul 11 09:51:56 ubuntu NetworkManager[887]: <info> Activation (eth0) Stage 5 of 5 (IPv4 Configure Commit) scheduled...
Jul 11 09:51:56 ubuntu NetworkManager[887]: <info> Activation (eth0) Stage 5 of 5 (IPv4 Commit) started...
Jul 11 09:51:56 ubuntu avahi-daemon[555]: Joining mDNS multicast group on interface eth0.IPv4 with address 10.211.55.10.
Jul 11 09:51:56 ubuntu avahi-daemon[555]: New relevant interface eth0.IPv4 for mDNS.
Jul 11 09:51:56 ubuntu avahi-daemon[555]: Registering new address record for 10.211.55.10 on eth0.IPv4.
Jul 11 09:51:57 ubuntu dbus[501]: [system] Activating service name='org.freedesktop.RealtimeKit1' (using servicehelper)
Jul 11 09:51:57 ubuntu dbus[501]: [system] Successfully activated service 'org.freedesktop.RealtimeKit1'
Jul 11 09:51:57 ubuntu rtkit-daemon[1434]: Successfully called chroot.
Jul 11 09:51:57 ubuntu rtkit-daemon[1434]: Successfully dropped privileges.
Jul 11 09:51:57 ubuntu rtkit-daemon[1434]: Successfully limited resources.
Jul 11 09:51:57 ubuntu rtkit-daemon[1434]: Running.
Jul 11 09:51:57 ubuntu rtkit-daemon[1434]: Watchdog thread running.
Jul 11 09:51:57 ubuntu rtkit-daemon[1434]: Canary thread running.
Jul 11 09:51:57 ubuntu rtkit-daemon[1434]: Successfully made thread 1432 of process 1432 (n/a) owned by '1000' high priority at nice level -11.
Jul 11 09:51:57 ubuntu rtkit-daemon[1434]: Supervising 1 threads of 1 processes of 1 users.
Jul 11 09:51:57 ubuntu dbus[501]: [system] Activating service name='org.freedesktop.UPower' (using servicehelper)
Jul 11 09:51:57 ubuntu dbus[501]: [system] Successfully activated service 'org.freedesktop.UPower'
Jul 11 09:51:57 ubuntu pulseaudio[1432]: [pulseaudio] alsa-util.c: Disabling timer-based scheduling because running inside a VM.
Jul 11 09:51:57 ubuntu rtkit-daemon[1434]: Successfully made thread 1462 of process 1432 (n/a) owned by '1000' RT at priority 5.
Jul 11 09:51:57 ubuntu rtkit-daemon[1434]: Supervising 2 threads of 1 processes of 1 users.
Jul 11 09:51:57 ubuntu pulseaudio[1432]: [pulseaudio] alsa-util.c: Disabling timer-based scheduling because running inside a VM.
Jul 11 09:51:57 ubuntu rtkit-daemon[1434]: Successfully made thread 1477 of process 1432 (n/a) owned by '1000' RT at priority 5.
Jul 11 09:51:57 ubuntu rtkit-daemon[1434]: Supervising 3 threads of 1 processes of 1 users.
Jul 11 09:51:57 ubuntu dbus[501]: [system] Activating service name='org.freedesktop.systemd1' (using servicehelper)
Jul 11 09:51:57 ubuntu dbus[501]: [system] Successfully activated service 'org.freedesktop.systemd1'
Jul 11 09:51:57 ubuntu NetworkManager[887]: <info> (eth0): device state change: ip-config -> secondaries (reason 'none') [70 90 0]
Jul 11 09:51:57 ubuntu NetworkManager[887]: <info> Activation (eth0) Stage 5 of 5 (IPv4 Commit) complete.
Jul 11 09:51:57 ubuntu NetworkManager[887]: <info> (eth0): device state change: secondaries -> activated (reason 'none') [90 100 0]
Jul 11 09:51:57 ubuntu NetworkManager[887]: <info> Policy set 'Wired connection 1' (eth0) as default for IPv4 routing and DNS.
Jul 11 09:51:57 ubuntu NetworkManager[887]: <info> DNS: starting dnsmasq...
Jul 11 09:51:57 ubuntu NetworkManager[887]: <warn> dnsmasq not available on the bus, can't update servers.
Jul 11 09:51:57 ubuntu NetworkManager[887]: <error> [1373550717.998911] [nm-dns-dnsmasq.c:402] update(): dnsmasq owner not found on bus: Could not get owner of name 'org.freedesktop.NetworkManager.dnsmasq': no such name
Jul 11 09:51:57 ubuntu NetworkManager[887]: <warn> DNS: plugin dnsmasq update failed
Jul 11 09:51:57 ubuntu NetworkManager[887]: <info> Writing DNS information to /sbin/resolvconf
Jul 11 09:51:58 ubuntu dnsmasq[1566]: started, version 2.65 cache disabled
Jul 11 09:51:58 ubuntu dnsmasq[1566]: compile time options: IPv6 GNU-getopt DBus i18n IDN DHCP DHCPv6 no-Lua TFTP conntrack
Jul 11 09:51:58 ubuntu dnsmasq[1566]: DBus support enabled: connected to system bus
Jul 11 09:51:58 ubuntu dnsmasq[1566]: warning: no upstream servers configured
Jul 11 09:51:58 ubuntu avahi-daemon[555]: Leaving mDNS multicast group on interface eth0.IPv6 with address fe80::21c:42ff:fec8:6f66.
Jul 11 09:51:58 ubuntu avahi-daemon[555]: Joining mDNS multicast group on interface eth0.IPv6 with address fdb2:2c26:f4e4:0:21c:42ff:fec8:6f66.
Jul 11 09:51:58 ubuntu avahi-daemon[555]: Registering new address record for fdb2:2c26:f4e4:0:21c:42ff:fec8:6f66 on eth0.*.
Jul 11 09:51:58 ubuntu avahi-daemon[555]: Withdrawing address record for fe80::21c:42ff:fec8:6f66 on eth0.
Jul 11 09:51:58 ubuntu NetworkManager[887]: <info> Activation (eth0) successful, device activated.
Jul 11 09:51:58 ubuntu dbus[501]: [system] Activating service name='org.freedesktop.nm_dispatcher' (using servicehelper)
Jul 11 09:51:58 ubuntu NetworkManager[887]: <warn> dnsmasq appeared on DBus: :1.31
Jul 11 09:51:58 ubuntu NetworkManager[887]: <info> Writing DNS information to /sbin/resolvconf
Jul 11 09:51:58 ubuntu dnsmasq[1566]: setting upstream servers from DBus
Jul 11 09:51:58 ubuntu dnsmasq[1566]: using nameserver 10.211.55.1#53
Jul 11 09:51:58 ubuntu dbus[501]: [system] Successfully activated service 'org.freedesktop.nm_dispatcher'
Jul 11 09:51:58 ubuntu NetworkManager[887]: <info> Activation (eth0) Stage 5 of 5 (IPv6 Commit) scheduled...
Jul 11 09:51:58 ubuntu NetworkManager[887]: <info> Activation (eth0) Stage 5 of 5 (IPv6 Commit) started...
Jul 11 09:51:58 ubuntu dbus[501]: [system] Activating service name='org.freedesktop.ColorManager' (using servicehelper)
Jul 11 09:51:58 ubuntu colord: Using config file /etc/colord.conf
Jul 11 09:51:58 ubuntu colord: Using mapping database file /var/lib/colord/mapping.db
Jul 11 09:51:58 ubuntu colord: Using device database file /var/lib/colord/storage.db
Jul 11 09:51:58 ubuntu colord: loaded plugin libcd_plugin_camera.so
Jul 11 09:51:58 ubuntu colord: plugin /usr/lib/colord-plugins/libcd_plugin_sane.so not loaded: plugin refused to load
Jul 11 09:51:58 ubuntu colord: loaded plugin libcd_plugin_scanner.so
Jul 11 09:51:58 ubuntu colord: Daemon ready for requests
Jul 11 09:51:58 ubuntu dbus[501]: [system] Successfully activated service 'org.freedesktop.ColorManager'
Jul 11 09:51:58 ubuntu colord: Profile added: icc-0bd9f292ce7882699e93ff844071783d
Jul 11 09:51:58 ubuntu colord: Profile added: icc-adb5ebe2a14b98599a170cd3ab54fe76
Jul 11 09:51:58 ubuntu colord: Profile added: icc-ae0f19a77ff01ea1932ef5fd9609ef9d
Jul 11 09:51:58 ubuntu colord: Profile added: icc-e7ecfce2d984c9f0c90f4ef1cdc9ac7e
Jul 11 09:51:58 ubuntu colord: Profile added: icc-f844a65e79050c828a5f8381a0798e49
Jul 11 09:51:58 ubuntu colord: Profile added: icc-709099b11b3ec2828a314682a3c09f75
Jul 11 09:51:58 ubuntu colord: Profile added: icc-d3ee37ff47fcdf614fb5cb62fb3e16a7
Jul 11 09:51:58 ubuntu colord: Profile added: icc-29f7c3bb18648f967e9cc450f5b0821e
Jul 11 09:51:58 ubuntu colord: Profile added: icc-578e8c43d0440cff3239ced4417c691a
Jul 11 09:51:58 ubuntu colord: Profile added: icc-6590422afc1260c68d531b8de865eda1
Jul 11 09:51:58 ubuntu colord: Profile added: icc-22f24c14dfa0237c65ce91cbdc840c69
Jul 11 09:51:58 ubuntu colord: Profile added: icc-8ab229960e966f047a0fb62c4cb1f390
Jul 11 09:51:58 ubuntu colord: Profile added: icc-0ef971da00dac3a46e0c86550c54d5ad
Jul 11 09:51:58 ubuntu colord: Profile added: icc-8032ad23c1912c7ffae56745d279fde7
Jul 11 09:51:58 ubuntu colord: Profile added: icc-f5cf9cb1331928471dbcd67d7229aff5
Jul 11 09:51:58 ubuntu colord: Profile added: icc-798efa4314bbd0274499de21fdf4ee5e
Jul 11 09:51:58 ubuntu colord: Profile added: icc-429bb399c0de0c6fe69826993b46c219
Jul 11 09:51:58 ubuntu colord: Profile added: icc-9cc8e51f95b2209f235c230393230ead
Jul 11 09:51:58 ubuntu colord: Profile added: icc-dff20c58ed34af3a30bc97b2b2a1b6c5
Jul 11 09:51:58 ubuntu colord: Profile added: icc-f1d6e4a79454dcf348e740f8258ebc8b
Jul 11 09:51:58 ubuntu colord: Profile added: icc-5e1ebb54becd93f823c07c22bc1938e0
Jul 11 09:51:58 ubuntu colord: Profile added: icc-7da394e6f8f9718fc7b52b32566dac05
Jul 11 09:51:58 ubuntu colord: Profile added: icc-e9984ac92492c61ae319f57aa7cbb102
Jul 11 09:51:58 ubuntu colord: Device added: sysfs-Parallels-Virtual_USB_Video_Camera
Jul 11 09:51:58 ubuntu colord: Device added: xrandr-default
Jul 11 09:51:58 ubuntu dbus[501]: [system] Activating service name='org.freedesktop.UDisks2' (using servicehelper)
Jul 11 09:51:58 ubuntu udisksd[1799]: udisks daemon version 2.1.0 starting
Jul 11 09:51:58 ubuntu dbus[501]: [system] Successfully activated service 'org.freedesktop.UDisks2'
Jul 11 09:51:58 ubuntu udisksd[1799]: Acquired the name org.freedesktop.UDisks2 on the system message bus
Jul 11 09:51:59 ubuntu NetworkManager[887]: <error> [1373550719.306402] [nm-system.c:1266] nm_system_replace_default_ip6_route(): (eth0): failed to set IPv6 default route: -7
Jul 11 09:51:59 ubuntu NetworkManager[887]: <info> Policy set 'Wired connection 1' (eth0) as default for IPv6 routing and DNS.
Jul 11 09:51:59 ubuntu NetworkManager[887]: <info> Activation (eth0) Stage 5 of 5 (IPv6 Commit) complete.
Jul 11 09:52:05 ubuntu ntpdate[1703]: adjust time server 91.189.94.4 offset -0.393022 sec
Jul 11 09:56:54 ubuntu anacron[985]: Job `cron.daily' started
Jul 11 09:56:54 ubuntu anacron[2409]: Updated timestamp for job `cron.daily' to 2013-07-11
Jul 11 10:01:23 ubuntu cracklib: no dictionary update necessary.
Jul 11 10:03:06 ubuntu anacron[985]: Job `cron.daily' terminated (mailing output)
Jul 11 10:03:06 ubuntu anacron[985]: Can't find sendmail at /usr/sbin/sendmail, not mailing output
Jul 11 10:03:06 ubuntu anacron[985]: Job `cron.weekly' started
Jul 11 10:03:06 ubuntu anacron[2652]: Updated timestamp for job `cron.weekly' to 2013-07-11
Jul 11 10:03:43 ubuntu anacron[985]: Job `cron.weekly' terminated
Jul 11 10:04:16 ubuntu dhclient: DHCPREQUEST of 10.211.55.10 on eth0 to 10.211.55.1 port 67 (xid=0x295c1a67)
Jul 11 10:04:16 ubuntu dhclient: DHCPACK of 10.211.55.10 from 10.211.55.1
Jul 11 10:04:16 ubuntu dhclient: bound to 10.211.55.10 -- renewal in 722 seconds.
Jul 11 10:04:16 ubuntu NetworkManager[887]: <info> (eth0): DHCPv4 state changed bound -> renew
Jul 11 10:04:16 ubuntu NetworkManager[887]: <info>   address 10.211.55.10
Jul 11 10:04:16 ubuntu NetworkManager[887]: <info>   prefix 24 (255.255.255.0)
Jul 11 10:04:16 ubuntu NetworkManager[887]: <info>   gateway 10.211.55.1
Jul 11 10:04:16 ubuntu NetworkManager[887]: <info>   nameserver '10.211.55.1'
Jul 11 10:04:16 ubuntu NetworkManager[887]: <info>   domain name 'localdomain'
Jul 11 10:04:16 ubuntu dbus[501]: [system] Activating service name='org.freedesktop.nm_dispatcher' (using servicehelper)
Jul 11 10:04:17 ubuntu dbus[501]: [system] Successfully activated service 'org.freedesktop.nm_dispatcher'
Jul 11 10:06:44 ubuntu NetworkManager[887]: <info> (eth0): carrier now OFF (device state 100, deferring action for 4 seconds)
Jul 11 10:06:44 ubuntu kernel: [  896.333051] e1000: eth0 NIC Link is Down
Jul 11 10:06:48 ubuntu NetworkManager[887]: <info> (eth0): device state change: activated -> unavailable (reason 'carrier-changed') [100 20 40]
Jul 11 10:06:48 ubuntu NetworkManager[887]: <info> (eth0): deactivating device (reason 'carrier-changed') [40]
Jul 11 10:06:49 ubuntu NetworkManager[887]: <info> (eth0): canceled DHCP transaction, DHCP client pid 970
Jul 11 10:06:49 ubuntu avahi-daemon[555]: Withdrawing address record for 10.211.55.10 on eth0.
Jul 11 10:06:49 ubuntu avahi-daemon[555]: Leaving mDNS multicast group on interface eth0.IPv4 with address 10.211.55.10.
Jul 11 10:06:49 ubuntu avahi-daemon[555]: Interface eth0.IPv4 no longer relevant for mDNS.
Jul 11 10:06:49 ubuntu avahi-daemon[555]: Withdrawing address record for fdb2:2c26:f4e4:0:21c:42ff:fec8:6f66 on eth0.
Jul 11 10:06:49 ubuntu avahi-daemon[555]: Leaving mDNS multicast group on interface eth0.IPv6 with address fdb2:2c26:f4e4:0:21c:42ff:fec8:6f66.
Jul 11 10:06:49 ubuntu NetworkManager[887]: <info> Writing DNS information to /sbin/resolvconf
Jul 11 10:06:49 ubuntu avahi-daemon[555]: Joining mDNS multicast group on interface eth0.IPv6 with address fe80::21c:42ff:fec8:6f66.
Jul 11 10:06:49 ubuntu dnsmasq[1566]: setting upstream servers from DBus
Jul 11 10:06:49 ubuntu avahi-daemon[555]: Registering new address record for fe80::21c:42ff:fec8:6f66 on eth0.*.
Jul 11 10:06:54 ubuntu dbus[501]: [system] Activating service name='org.freedesktop.nm_dispatcher' (using servicehelper)
Jul 11 10:06:54 ubuntu dbus[501]: [system] Successfully activated service 'org.freedesktop.nm_dispatcher'
Jul 11 10:06:54 ubuntu kernel: [  906.162195] hrtimer: interrupt took 30716887 ns
Jul 11 10:06:54 ubuntu anacron[985]: Job `cron.monthly' started
Jul 11 10:06:54 ubuntu anacron[985]: Job `cron.monthly' terminated
Jul 11 10:06:54 ubuntu anacron[985]: Normal exit (3 jobs run)
Jul 11 10:06:54 ubuntu anacron[2740]: Updated timestamp for job `cron.monthly' to 2013-07-11
Jul 11 10:06:56 ubuntu NetworkManager[887]: <info> (eth0): carrier now ON (device state 20)
Jul 11 10:06:56 ubuntu NetworkManager[887]: <info> (eth0): device state change: unavailable -> disconnected (reason 'carrier-changed') [20 30 40]
Jul 11 10:06:56 ubuntu NetworkManager[887]: <info> Auto-activating connection 'Wired connection 1'.
Jul 11 10:06:56 ubuntu NetworkManager[887]: <info> Activation (eth0) starting connection 'Wired connection 1'
Jul 11 10:06:56 ubuntu NetworkManager[887]: <info> (eth0): device state change: disconnected -> prepare (reason 'none') [30 40 0]
Jul 11 10:06:56 ubuntu NetworkManager[887]: <info> Activation (eth0) Stage 1 of 5 (Device Prepare) scheduled...
Jul 11 10:06:56 ubuntu kernel: [  908.363380] e1000: eth0 NIC Link is Up 1000 Mbps Full Duplex, Flow Control: RX
Jul 11 10:06:56 ubuntu NetworkManager[887]: <info> Activation (eth0) Stage 1 of 5 (Device Prepare) started...
Jul 11 10:06:56 ubuntu NetworkManager[887]: <info> Activation (eth0) Stage 2 of 5 (Device Configure) scheduled...
Jul 11 10:06:56 ubuntu NetworkManager[887]: <info> Activation (eth0) Stage 1 of 5 (Device Prepare) complete.
Jul 11 10:06:56 ubuntu NetworkManager[887]: <info> Activation (eth0) Stage 2 of 5 (Device Configure) starting...
Jul 11 10:06:56 ubuntu NetworkManager[887]: <info> (eth0): device state change: prepare -> config (reason 'none') [40 50 0]
Jul 11 10:06:56 ubuntu NetworkManager[887]: <info> Activation (eth0) Stage 2 of 5 (Device Configure) successful.
Jul 11 10:06:56 ubuntu NetworkManager[887]: <info> Activation (eth0) Stage 3 of 5 (IP Configure Start) scheduled.
Jul 11 10:06:56 ubuntu NetworkManager[887]: <info> Activation (eth0) Stage 2 of 5 (Device Configure) complete.
Jul 11 10:06:56 ubuntu NetworkManager[887]: <info> Activation (eth0) Stage 3 of 5 (IP Configure Start) started...
Jul 11 10:06:56 ubuntu NetworkManager[887]: <info> (eth0): device state change: config -> ip-config (reason 'none') [50 70 0]
Jul 11 10:06:56 ubuntu NetworkManager[887]: <info> Activation (eth0) Beginning DHCPv4 transaction (timeout in 45 seconds)
Jul 11 10:06:56 ubuntu NetworkManager[887]: <info> dhclient started with pid 2745
Jul 11 10:06:56 ubuntu NetworkManager[887]: <info> Activation (eth0) Beginning IP6 addrconf.
Jul 11 10:06:56 ubuntu avahi-daemon[555]: Withdrawing address record for fe80::21c:42ff:fec8:6f66 on eth0.
Jul 11 10:06:56 ubuntu avahi-daemon[555]: Leaving mDNS multicast group on interface eth0.IPv6 with address fe80::21c:42ff:fec8:6f66.
Jul 11 10:06:56 ubuntu avahi-daemon[555]: Interface eth0.IPv6 no longer relevant for mDNS.
Jul 11 10:06:56 ubuntu NetworkManager[887]: <info> Activation (eth0) Stage 3 of 5 (IP Configure Start) complete.
Jul 11 10:06:56 ubuntu dhclient: Internet Systems Consortium DHCP Client 4.2.4
Jul 11 10:06:56 ubuntu dhclient: Copyright 2004-2012 Internet Systems Consortium.
Jul 11 10:06:56 ubuntu dhclient: All rights reserved.
Jul 11 10:06:56 ubuntu dhclient: For info, please visit https://www.isc.org/software/dhcp/
Jul 11 10:06:56 ubuntu dhclient: 
Jul 11 10:06:56 ubuntu NetworkManager[887]: <info> (eth0): DHCPv4 state changed nbi -> preinit
Jul 11 10:06:56 ubuntu dhclient: Listening on LPF/eth0/00:1c:42:c8:6f:66
Jul 11 10:06:56 ubuntu dhclient: Sending on   LPF/eth0/00:1c:42:c8:6f:66
Jul 11 10:06:56 ubuntu dhclient: Sending on   Socket/fallback
Jul 11 10:06:56 ubuntu dhclient: DHCPREQUEST of 10.211.55.10 on eth0 to 255.255.255.255 port 67 (xid=0x5a44e697)
Jul 11 10:06:56 ubuntu dhclient: DHCPACK of 10.211.55.10 from 10.211.55.1
Jul 11 10:06:56 ubuntu dhclient: bound to 10.211.55.10 -- renewal in 806 seconds.
Jul 11 10:06:56 ubuntu NetworkManager[887]: <info> (eth0): DHCPv4 state changed preinit -> reboot
Jul 11 10:06:56 ubuntu NetworkManager[887]: <info>   address 10.211.55.10
Jul 11 10:06:56 ubuntu NetworkManager[887]: <info>   prefix 24 (255.255.255.0)
Jul 11 10:06:56 ubuntu NetworkManager[887]: <info>   gateway 10.211.55.1
Jul 11 10:06:56 ubuntu NetworkManager[887]: <info>   nameserver '10.211.55.1'
Jul 11 10:06:56 ubuntu NetworkManager[887]: <info>   domain name 'localdomain'
Jul 11 10:06:56 ubuntu NetworkManager[887]: <info> Activation (eth0) Stage 5 of 5 (IPv4 Configure Commit) scheduled...
Jul 11 10:06:56 ubuntu NetworkManager[887]: <info> Activation (eth0) Stage 5 of 5 (IPv4 Commit) started...
Jul 11 10:06:56 ubuntu avahi-daemon[555]: Joining mDNS multicast group on interface eth0.IPv4 with address 10.211.55.10.
Jul 11 10:06:56 ubuntu avahi-daemon[555]: New relevant interface eth0.IPv4 for mDNS.
Jul 11 10:06:56 ubuntu avahi-daemon[555]: Registering new address record for 10.211.55.10 on eth0.IPv4.
Jul 11 10:06:57 ubuntu NetworkManager[887]: <info> (eth0): device state change: ip-config -> secondaries (reason 'none') [70 90 0]
Jul 11 10:06:57 ubuntu NetworkManager[887]: <info> Activation (eth0) Stage 5 of 5 (IPv4 Commit) complete.
Jul 11 10:06:57 ubuntu NetworkManager[887]: <info> (eth0): device state change: secondaries -> activated (reason 'none') [90 100 0]
Jul 11 10:06:57 ubuntu NetworkManager[887]: <info> Policy set 'Wired connection 1' (eth0) as default for IPv4 routing and DNS.
